OpenJDK 64-Bit Server VM (25.282-b08) for linux-amd64 JRE (1.8.0_282-8u282-b08-0ubuntu1~20.04-b08), built on Jan 20 2021 03:59:41 by "buildd" with gcc 9.3.0
Memory: 4k page, physical 3727404k(342488k free), swap 2097148k(833788k free)
CommandLine flags: -XX:InitialHeapSize=83886080 -XX:InitiatingHeapOccupancyPercent=35 -XX:MaxGCPauseMillis=50 -XX:MaxHeapSize=83886080 -XX:+PrintGC -XX:+PrintGCDetails -XX:+PrintGCTimeStamps -XX:+UseCompressedClassPointers -XX:+UseCompressedOops -XX:+UseG1GC 
7.590: [GC pause (G1 Evacuation Pause) (young), 0.0044296 secs]
   [Parallel Time: 2.6 ms, GC Workers: 4]
      [GC Worker Start (ms): Min: 7590.2, Avg: 7590.3, Max: 7590.4, Diff: 0.2]
      [Ext Root Scanning (ms): Min: 0.6, Avg: 0.8, Max: 1.2, Diff: 0.6, Sum: 3.0]
      [Update RS (ms): Min: 0.0, Avg: 0.0, Max: 0.0, Diff: 0.0, Sum: 0.0]
         [Processed Buffers: Min: 0, Avg: 0.0, Max: 0, Diff: 0, Sum: 0]
      [Scan RS (ms): Min: 0.0, Avg: 0.0, Max: 0.0, Diff: 0.0, Sum: 0.0]
      [Code Root Scanning (ms): Min: 0.0, Avg: 0.0, Max: 0.0, Diff: 0.0, Sum: 0.0]
      [Object Copy (ms): Min: 0.9, Avg: 1.4, Max: 1.6, Diff: 0.7, Sum: 5.7]
      [Termination (ms): Min: 0.0, Avg: 0.0, Max: 0.0, Diff: 0.0, Sum: 0.0]
         [Termination Attempts: Min: 1, Avg: 1.8, Max: 2, Diff: 1, Sum: 7]
      [GC Worker Other (ms): Min: 0.0, Avg: 0.1, Max: 0.1, Diff: 0.0, Sum: 0.2]
      [GC Worker Total (ms): Min: 2.1, Avg: 2.2, Max: 2.3, Diff: 0.2, Sum: 8.9]
      [GC Worker End (ms): Min: 7592.5, Avg: 7592.5, Max: 7592.5, Diff: 0.0]
   [Code Root Fixup: 0.0 ms]
   [Code Root Purge: 0.0 ms]
   [Clear CT: 0.2 ms]
   [Other: 1.6 ms]
      [Choose CSet: 0.0 ms]
      [Ref Proc: 1.2 ms]
      [Ref Enq: 0.0 ms]
      [Redirty Cards: 0.2 ms]
      [Humongous Register: 0.0 ms]
      [Humongous Reclaim: 0.0 ms]
      [Free CSet: 0.0 ms]
   [Eden: 4096.0K(4096.0K)->0.0B(3072.0K) Survivors: 0.0B->1024.0K Heap: 4699.2K(81920.0K)->906.3K(81920.0K)]
 [Times: user=0.00 sys=0.01, real=0.00 secs] 
8.698: [GC pause (G1 Evacuation Pause) (young), 0.0048152 secs]
   [Parallel Time: 3.0 ms, GC Workers: 4]
      [GC Worker Start (ms): Min: 8698.3, Avg: 8699.1, Max: 8701.0, Diff: 2.7]
      [Ext Root Scanning (ms): Min: 0.0, Avg: 0.5, Max: 0.7, Diff: 0.7, Sum: 2.0]
      [Update RS (ms): Min: 0.0, Avg: 0.0, Max: 0.0, Diff: 0.0, Sum: 0.0]
         [Processed Buffers: Min: 0, Avg: 0.0, Max: 0, Diff: 0, Sum: 0]
      [Scan RS (ms): Min: 0.0, Avg: 0.0, Max: 0.0, Diff: 0.0, Sum: 0.0]
      [Code Root Scanning (ms): Min: 0.0, Avg: 0.0, Max: 0.1, Diff: 0.1, Sum: 0.2]
      [Object Copy (ms): Min: 0.0, Avg: 1.2, Max: 1.7, Diff: 1.7, Sum: 5.0]
      [Termination (ms): Min: 0.0, Avg: 0.2, Max: 0.3, Diff: 0.3, Sum: 0.9]
         [Termination Attempts: Min: 1, Avg: 1.0, Max: 1, Diff: 0, Sum: 4]
      [GC Worker Other (ms): Min: 0.0, Avg: 0.0, Max: 0.0, Diff: 0.0, Sum: 0.1]
      [GC Worker Total (ms): Min: 0.0, Avg: 2.0, Max: 2.8, Diff: 2.8, Sum: 8.1]
      [GC Worker End (ms): Min: 8701.1, Avg: 8701.1, Max: 8701.1, Diff: 0.0]
   [Code Root Fixup: 0.0 ms]
   [Code Root Purge: 0.0 ms]
   [Clear CT: 0.1 ms]
   [Other: 1.7 ms]
      [Choose CSet: 0.0 ms]
      [Ref Proc: 1.5 ms]
      [Ref Enq: 0.0 ms]
      [Redirty Cards: 0.1 ms]
      [Humongous Register: 0.0 ms]
      [Humongous Reclaim: 0.0 ms]
      [Free CSet: 0.0 ms]
   [Eden: 3072.0K(3072.0K)->0.0B(6144.0K) Survivors: 1024.0K->1024.0K Heap: 3978.3K(81920.0K)->1395.9K(81920.0K)]
 [Times: user=0.01 sys=0.00, real=0.01 secs] 
9.323: [GC pause (G1 Evacuation Pause) (young), 0.0031561 secs]
   [Parallel Time: 2.2 ms, GC Workers: 4]
      [GC Worker Start (ms): Min: 9323.3, Avg: 9323.8, Max: 9324.6, Diff: 1.3]
      [Ext Root Scanning (ms): Min: 0.0, Avg: 0.2, Max: 0.5, Diff: 0.5, Sum: 1.0]
      [Update RS (ms): Min: 0.0, Avg: 0.0, Max: 0.1, Diff: 0.1, Sum: 0.2]
         [Processed Buffers: Min: 0, Avg: 2.0, Max: 5, Diff: 5, Sum: 8]
      [Scan RS (ms): Min: 0.0, Avg: 0.0, Max: 0.0, Diff: 0.0, Sum: 0.0]
      [Code Root Scanning (ms): Min: 0.0, Avg: 0.0, Max: 0.0, Diff: 0.0, Sum: 0.1]
      [Object Copy (ms): Min: 0.0, Avg: 0.4, Max: 0.5, Diff: 0.5, Sum: 1.5]
      [Termination (ms): Min: 0.0, Avg: 0.2, Max: 0.5, Diff: 0.5, Sum: 0.9]
         [Termination Attempts: Min: 1, Avg: 1.0, Max: 1, Diff: 0, Sum: 4]
      [GC Worker Other (ms): Min: 0.0, Avg: 0.0, Max: 0.0, Diff: 0.0, Sum: 0.0]
      [GC Worker Total (ms): Min: 0.0, Avg: 0.9, Max: 1.3, Diff: 1.3, Sum: 3.6]
      [GC Worker End (ms): Min: 9324.6, Avg: 9324.7, Max: 9325.0, Diff: 0.4]
   [Code Root Fixup: 0.0 ms]
   [Code Root Purge: 0.0 ms]
   [Clear CT: 0.1 ms]
   [Other: 0.8 ms]
      [Choose CSet: 0.0 ms]
      [Ref Proc: 0.7 ms]
      [Ref Enq: 0.0 ms]
      [Redirty Cards: 0.1 ms]
      [Humongous Register: 0.0 ms]
      [Humongous Reclaim: 0.0 ms]
      [Free CSet: 0.0 ms]
   [Eden: 6144.0K(6144.0K)->0.0B(48128.0K) Survivors: 1024.0K->1024.0K Heap: 7539.9K(81920.0K)->1329.9K(81920.0K)]
 [Times: user=0.00 sys=0.00, real=0.00 secs] 
13.554: [GC pause (G1 Evacuation Pause) (young), 0.0078090 secs]
   [Parallel Time: 4.4 ms, GC Workers: 4]
      [GC Worker Start (ms): Min: 13554.2, Avg: 13554.3, Max: 13554.3, Diff: 0.1]
      [Ext Root Scanning (ms): Min: 0.2, Avg: 0.6, Max: 1.4, Diff: 1.2, Sum: 2.4]
      [Update RS (ms): Min: 0.0, Avg: 0.1, Max: 0.2, Diff: 0.2, Sum: 0.4]
         [Processed Buffers: Min: 0, Avg: 1.8, Max: 5, Diff: 5, Sum: 7]
      [Scan RS (ms): Min: 0.0, Avg: 0.0, Max: 0.0, Diff: 0.0, Sum: 0.1]
      [Code Root Scanning (ms): Min: 0.0, Avg: 0.2, Max: 0.3, Diff: 0.3, Sum: 0.7]
      [Object Copy (ms): Min: 2.9, Avg: 3.3, Max: 3.6, Diff: 0.8, Sum: 13.4]
      [Termination (ms): Min: 0.0, Avg: 0.0, Max: 0.0, Diff: 0.0, Sum: 0.0]
         [Termination Attempts: Min: 1, Avg: 1.0, Max: 1, Diff: 0, Sum: 4]
      [GC Worker Other (ms): Min: 0.0, Avg: 0.0, Max: 0.0, Diff: 0.0, Sum: 0.1]
      [GC Worker Total (ms): Min: 4.2, Avg: 4.2, Max: 4.3, Diff: 0.1, Sum: 16.9]
      [GC Worker End (ms): Min: 13558.5, Avg: 13558.5, Max: 13558.5, Diff: 0.0]
   [Code Root Fixup: 0.0 ms]
   [Code Root Purge: 0.0 ms]
   [Clear CT: 0.3 ms]
   [Other: 3.1 ms]
      [Choose CSet: 0.0 ms]
      [Ref Proc: 2.7 ms]
      [Ref Enq: 0.0 ms]
      [Redirty Cards: 0.1 ms]
      [Humongous Register: 0.0 ms]
      [Humongous Reclaim: 0.0 ms]
      [Free CSet: 0.1 ms]
   [Eden: 48128.0K(48128.0K)->0.0B(44032.0K) Survivors: 1024.0K->5120.0K Heap: 49457.9K(81920.0K)->4947.8K(81920.0K)]
 [Times: user=0.02 sys=0.00, real=0.01 secs] 
16.935: [GC pause (G1 Evacuation Pause) (young), 0.0201030 secs]
   [Parallel Time: 18.1 ms, GC Workers: 4]
      [GC Worker Start (ms): Min: 16935.2, Avg: 16935.5, Max: 16935.7, Diff: 0.5]
      [Ext Root Scanning (ms): Min: 0.3, Avg: 1.2, Max: 2.4, Diff: 2.1, Sum: 4.7]
      [Update RS (ms): Min: 0.0, Avg: 0.1, Max: 0.2, Diff: 0.2, Sum: 0.3]
         [Processed Buffers: Min: 0, Avg: 1.5, Max: 4, Diff: 4, Sum: 6]
      [Scan RS (ms): Min: 0.0, Avg: 0.0, Max: 0.0, Diff: 0.0, Sum: 0.0]
      [Code Root Scanning (ms): Min: 0.0, Avg: 0.7, Max: 1.9, Diff: 1.9, Sum: 2.9]
      [Object Copy (ms): Min: 6.3, Avg: 8.3, Max: 11.3, Diff: 5.0, Sum: 33.3]
      [Termination (ms): Min: 0.0, Avg: 4.6, Max: 9.0, Diff: 9.0, Sum: 18.5]
         [Termination Attempts: Min: 1, Avg: 1.5, Max: 3, Diff: 2, Sum: 6]
      [GC Worker Other (ms): Min: 0.0, Avg: 0.0, Max: 0.0, Diff: 0.0, Sum: 0.0]
      [GC Worker Total (ms): Min: 13.7, Avg: 14.9, Max: 17.8, Diff: 4.1, Sum: 59.7]
      [GC Worker End (ms): Min: 16949.4, Avg: 16950.4, Max: 16953.3, Diff: 3.9]
   [Code Root Fixup: 0.0 ms]
   [Code Root Purge: 0.0 ms]
   [Clear CT: 0.1 ms]
   [Other: 1.8 ms]
      [Choose CSet: 0.0 ms]
      [Ref Proc: 1.5 ms]
      [Ref Enq: 0.0 ms]
      [Redirty Cards: 0.1 ms]
      [Humongous Register: 0.0 ms]
      [Humongous Reclaim: 0.0 ms]
      [Free CSet: 0.1 ms]
   [Eden: 44032.0K(44032.0K)->0.0B(43008.0K) Survivors: 5120.0K->6144.0K Heap: 48979.8K(81920.0K)->6244.0K(81920.0K)]
 [Times: user=0.02 sys=0.01, real=0.02 secs] 
20.043: [GC pause (G1 Evacuation Pause) (young), 0.0464861 secs]
   [Parallel Time: 38.5 ms, GC Workers: 4]
      [GC Worker Start (ms): Min: 20043.6, Avg: 20044.8, Max: 20045.2, Diff: 1.6]
      [Ext Root Scanning (ms): Min: 0.3, Avg: 4.7, Max: 16.5, Diff: 16.2, Sum: 18.7]
      [Update RS (ms): Min: 0.0, Avg: 0.1, Max: 0.2, Diff: 0.2, Sum: 0.3]
         [Processed Buffers: Min: 0, Avg: 1.5, Max: 5, Diff: 5, Sum: 6]
      [Scan RS (ms): Min: 0.0, Avg: 0.0, Max: 0.0, Diff: 0.0, Sum: 0.0]
      [Code Root Scanning (ms): Min: 0.0, Avg: 0.3, Max: 0.7, Diff: 0.7, Sum: 1.0]
      [Object Copy (ms): Min: 0.1, Avg: 9.4, Max: 23.0, Diff: 23.0, Sum: 37.5]
      [Termination (ms): Min: 0.0, Avg: 14.8, Max: 28.5, Diff: 28.5, Sum: 59.1]
         [Termination Attempts: Min: 1, Avg: 1.0, Max: 1, Diff: 0, Sum: 4]
      [GC Worker Other (ms): Min: 0.0, Avg: 0.0, Max: 0.0, Diff: 0.0, Sum: 0.1]
      [GC Worker Total (ms): Min: 24.5, Avg: 29.2, Max: 36.8, Diff: 12.3, Sum: 116.8]
      [GC Worker End (ms): Min: 20069.6, Avg: 20074.0, Max: 20082.0, Diff: 12.3]
   [Code Root Fixup: 0.0 ms]
   [Code Root Purge: 0.0 ms]
   [Clear CT: 0.9 ms]
   [Other: 7.1 ms]
      [Choose CSet: 0.0 ms]
      [Ref Proc: 6.8 ms]
      [Ref Enq: 0.0 ms]
      [Redirty Cards: 0.1 ms]
      [Humongous Register: 0.0 ms]
      [Humongous Reclaim: 0.0 ms]
      [Free CSet: 0.1 ms]
   [Eden: 43008.0K(43008.0K)->0.0B(43008.0K) Survivors: 6144.0K->6144.0K Heap: 49252.0K(81920.0K)->7341.5K(81920.0K)]
 [Times: user=0.08 sys=0.00, real=0.05 secs] 
20.975: [GC pause (G1 Evacuation Pause) (young), 0.0340484 secs]
   [Parallel Time: 28.8 ms, GC Workers: 4]
      [GC Worker Start (ms): Min: 20974.6, Avg: 20979.9, Max: 20989.3, Diff: 14.7]
      [Ext Root Scanning (ms): Min: 0.0, Avg: 0.9, Max: 2.1, Diff: 2.1, Sum: 3.7]
      [Update RS (ms): Min: 0.0, Avg: 0.1, Max: 0.3, Diff: 0.3, Sum: 0.5]
         [Processed Buffers: Min: 0, Avg: 1.5, Max: 4, Diff: 4, Sum: 6]
      [Scan RS (ms): Min: 0.0, Avg: 0.0, Max: 0.0, Diff: 0.0, Sum: 0.0]
      [Code Root Scanning (ms): Min: 0.0, Avg: 0.3, Max: 0.6, Diff: 0.6, Sum: 1.3]
      [Object Copy (ms): Min: 2.0, Avg: 13.6, Max: 21.7, Diff: 19.6, Sum: 54.2]
      [Termination (ms): Min: 0.0, Avg: 5.4, Max: 10.3, Diff: 10.3, Sum: 21.6]
         [Termination Attempts: Min: 1, Avg: 1.0, Max: 1, Diff: 0, Sum: 4]
      [GC Worker Other (ms): Min: 0.0, Avg: 0.0, Max: 0.0, Diff: 0.0, Sum: 0.1]
      [GC Worker Total (ms): Min: 10.0, Avg: 20.3, Max: 28.7, Diff: 18.7, Sum: 81.4]
      [GC Worker End (ms): Min: 20999.2, Avg: 21000.3, Max: 21003.3, Diff: 4.1]
   [Code Root Fixup: 0.0 ms]
   [Code Root Purge: 0.0 ms]
   [Clear CT: 1.8 ms]
   [Other: 3.4 ms]
      [Choose CSet: 0.0 ms]
      [Ref Proc: 3.1 ms]
      [Ref Enq: 0.0 ms]
      [Redirty Cards: 0.1 ms]
      [Humongous Register: 0.0 ms]
      [Humongous Reclaim: 0.0 ms]
      [Free CSet: 0.1 ms]
   [Eden: 43008.0K(43008.0K)->0.0B(43008.0K) Survivors: 6144.0K->6144.0K Heap: 50349.5K(81920.0K)->8594.0K(81920.0K)]
 [Times: user=0.06 sys=0.00, real=0.03 secs] 
21.227: [GC pause (G1 Evacuation Pause) (young), 0.0287836 secs]
   [Parallel Time: 21.6 ms, GC Workers: 4]
      [GC Worker Start (ms): Min: 21226.9, Avg: 21231.1, Max: 21237.3, Diff: 10.4]
      [Ext Root Scanning (ms): Min: 0.0, Avg: 0.8, Max: 1.6, Diff: 1.6, Sum: 3.1]
      [Update RS (ms): Min: 0.0, Avg: 0.5, Max: 1.1, Diff: 1.1, Sum: 2.0]
         [Processed Buffers: Min: 0, Avg: 2.8, Max: 9, Diff: 9, Sum: 11]
      [Scan RS (ms): Min: 0.0, Avg: 0.2, Max: 0.5, Diff: 0.5, Sum: 0.8]
      [Code Root Scanning (ms): Min: 0.0, Avg: 0.1, Max: 0.4, Diff: 0.4, Sum: 0.4]
      [Object Copy (ms): Min: 1.3, Avg: 9.4, Max: 17.0, Diff: 15.7, Sum: 37.7]
      [Termination (ms): Min: 0.0, Avg: 5.1, Max: 8.2, Diff: 8.2, Sum: 20.3]
         [Termination Attempts: Min: 1, Avg: 1.2, Max: 2, Diff: 1, Sum: 5]
      [GC Worker Other (ms): Min: 0.0, Avg: 0.0, Max: 0.0, Diff: 0.0, Sum: 0.1]
      [GC Worker Total (ms): Min: 9.5, Avg: 16.1, Max: 21.5, Diff: 12.0, Sum: 64.4]
      [GC Worker End (ms): Min: 21246.7, Avg: 21247.2, Max: 21248.3, Diff: 1.6]
   [Code Root Fixup: 0.1 ms]
   [Code Root Purge: 0.0 ms]
   [Clear CT: 0.6 ms]
   [Other: 6.5 ms]
      [Choose CSet: 0.0 ms]
      [Ref Proc: 5.9 ms]
      [Ref Enq: 0.0 ms]
      [Redirty Cards: 0.4 ms]
      [Humongous Register: 0.0 ms]
      [Humongous Reclaim: 0.0 ms]
      [Free CSet: 0.0 ms]
   [Eden: 10240.0K(1024.0K)->0.0B(48128.0K) Survivors: 6144.0K->1024.0K Heap: 18834.0K(81920.0K)->8135.0K(81920.0K)]
 [Times: user=0.06 sys=0.00, real=0.03 secs] 
21.641: [GC pause (Metadata GC Threshold) (young) (initial-mark), 0.0100978 secs]
   [Parallel Time: 6.2 ms, GC Workers: 4]
      [GC Worker Start (ms): Min: 21641.5, Avg: 21641.7, Max: 21642.3, Diff: 0.8]
      [Ext Root Scanning (ms): Min: 2.0, Avg: 3.3, Max: 4.9, Diff: 2.9, Sum: 13.3]
      [Update RS (ms): Min: 0.0, Avg: 1.2, Max: 2.2, Diff: 2.2, Sum: 4.6]
         [Processed Buffers: Min: 0, Avg: 3.2, Max: 7, Diff: 7, Sum: 13]
      [Scan RS (ms): Min: 0.0, Avg: 0.2, Max: 0.4, Diff: 0.4, Sum: 0.7]
      [Code Root Scanning (ms): Min: 0.0, Avg: 0.0, Max: 0.1, Diff: 0.1, Sum: 0.1]
      [Object Copy (ms): Min: 0.1, Avg: 0.7, Max: 0.9, Diff: 0.8, Sum: 2.8]
      [Termination (ms): Min: 0.0, Avg: 0.3, Max: 0.5, Diff: 0.5, Sum: 1.1]
         [Termination Attempts: Min: 1, Avg: 1.0, Max: 1, Diff: 0, Sum: 4]
      [GC Worker Other (ms): Min: 0.0, Avg: 0.0, Max: 0.0, Diff: 0.0, Sum: 0.1]
      [GC Worker Total (ms): Min: 5.0, Avg: 5.7, Max: 6.0, Diff: 1.0, Sum: 22.8]
      [GC Worker End (ms): Min: 21647.3, Avg: 21647.4, Max: 21647.5, Diff: 0.2]
   [Code Root Fixup: 0.0 ms]
   [Code Root Purge: 0.0 ms]
   [Clear CT: 0.1 ms]
   [Other: 3.8 ms]
      [Choose CSet: 0.0 ms]
      [Ref Proc: 3.2 ms]
      [Ref Enq: 0.0 ms]
      [Redirty Cards: 0.4 ms]
      [Humongous Register: 0.0 ms]
      [Humongous Reclaim: 0.0 ms]
      [Free CSet: 0.0 ms]
   [Eden: 11264.0K(48128.0K)->0.0B(46080.0K) Survivors: 1024.0K->3072.0K Heap: 18894.4K(81920.0K)->9437.9K(81920.0K)]
 [Times: user=0.03 sys=0.00, real=0.01 secs] 
21.652: [GC concurrent-root-region-scan-start]
21.653: [GC concurrent-root-region-scan-end, 0.0018801 secs]
21.654: [GC concurrent-mark-start]
21.677: [GC concurrent-mark-end, 0.0238128 secs]
21.678: [GC remark 21.678: [Finalize Marking, 0.0002552 secs] 21.678: [GC ref-proc, 0.0003822 secs] 21.678: [Unloading, 0.0040172 secs], 0.0049463 secs]
 [Times: user=0.02 sys=0.00, real=0.01 secs] 
21.683: [GC cleanup 10461K->10461K(81920K), 0.0007127 secs]
 [Times: user=0.00 sys=0.00, real=0.00 secs] 
22.766: [GC pause (G1 Evacuation Pause) (young), 0.0070488 secs]
   [Parallel Time: 2.9 ms, GC Workers: 4]
      [GC Worker Start (ms): Min: 22766.5, Avg: 22766.6, Max: 22766.6, Diff: 0.0]
      [Ext Root Scanning (ms): Min: 0.5, Avg: 0.6, Max: 0.8, Diff: 0.3, Sum: 2.5]
      [Update RS (ms): Min: 0.5, Avg: 0.6, Max: 0.8, Diff: 0.3, Sum: 2.6]
         [Processed Buffers: Min: 1, Avg: 2.5, Max: 5, Diff: 4, Sum: 10]
      [Scan RS (ms): Min: 0.0, Avg: 0.0, Max: 0.0, Diff: 0.0, Sum: 0.0]
      [Code Root Scanning (ms): Min: 0.0, Avg: 0.0, Max: 0.1, Diff: 0.1, Sum: 0.1]
      [Object Copy (ms): Min: 1.4, Avg: 1.5, Max: 1.7, Diff: 0.3, Sum: 6.1]
      [Termination (ms): Min: 0.0, Avg: 0.0, Max: 0.0, Diff: 0.0, Sum: 0.0]
         [Termination Attempts: Min: 1, Avg: 1.0, Max: 1, Diff: 0, Sum: 4]
      [GC Worker Other (ms): Min: 0.0, Avg: 0.0, Max: 0.0, Diff: 0.0, Sum: 0.0]
      [GC Worker Total (ms): Min: 2.8, Avg: 2.8, Max: 2.9, Diff: 0.0, Sum: 11.4]
      [GC Worker End (ms): Min: 22769.4, Avg: 22769.4, Max: 22769.4, Diff: 0.0]
   [Code Root Fixup: 0.0 ms]
   [Code Root Purge: 0.0 ms]
   [Clear CT: 0.8 ms]
   [Other: 3.3 ms]
      [Choose CSet: 0.0 ms]
      [Ref Proc: 2.1 ms]
      [Ref Enq: 0.0 ms]
      [Redirty Cards: 1.1 ms]
      [Humongous Register: 0.0 ms]
      [Humongous Reclaim: 0.0 ms]
      [Free CSet: 0.0 ms]
   [Eden: 46080.0K(46080.0K)->0.0B(43008.0K) Survivors: 3072.0K->6144.0K Heap: 55517.9K(81920.0K)->13477.0K(81920.0K)]
 [Times: user=0.03 sys=0.00, real=0.01 secs] 
25.884: [GC pause (G1 Evacuation Pause) (young), 0.0119452 secs]
   [Parallel Time: 9.3 ms, GC Workers: 4]
      [GC Worker Start (ms): Min: 25883.7, Avg: 25883.8, Max: 25883.8, Diff: 0.1]
      [Ext Root Scanning (ms): Min: 0.5, Avg: 0.9, Max: 1.3, Diff: 0.7, Sum: 3.4]
      [Update RS (ms): Min: 1.1, Avg: 1.3, Max: 1.4, Diff: 0.4, Sum: 5.1]
         [Processed Buffers: Min: 1, Avg: 3.2, Max: 7, Diff: 6, Sum: 13]
      [Scan RS (ms): Min: 0.0, Avg: 0.0, Max: 0.0, Diff: 0.0, Sum: 0.1]
      [Code Root Scanning (ms): Min: 0.0, Avg: 0.2, Max: 0.4, Diff: 0.4, Sum: 0.7]
      [Object Copy (ms): Min: 6.2, Avg: 6.5, Max: 6.9, Diff: 0.6, Sum: 26.1]
      [Termination (ms): Min: 0.0, Avg: 0.0, Max: 0.0, Diff: 0.0, Sum: 0.0]
         [Termination Attempts: Min: 1, Avg: 2.0, Max: 4, Diff: 3, Sum: 8]
      [GC Worker Other (ms): Min: 0.0, Avg: 0.0, Max: 0.0, Diff: 0.0, Sum: 0.1]
      [GC Worker Total (ms): Min: 8.8, Avg: 8.9, Max: 9.0, Diff: 0.1, Sum: 35.6]
      [GC Worker End (ms): Min: 25892.7, Avg: 25892.7, Max: 25892.7, Diff: 0.0]
   [Code Root Fixup: 0.0 ms]
   [Code Root Purge: 0.0 ms]
   [Clear CT: 0.7 ms]
   [Other: 1.9 ms]
      [Choose CSet: 0.0 ms]
      [Ref Proc: 1.1 ms]
      [Ref Enq: 0.0 ms]
      [Redirty Cards: 0.6 ms]
      [Humongous Register: 0.0 ms]
      [Humongous Reclaim: 0.0 ms]
      [Free CSet: 0.1 ms]
   [Eden: 43008.0K(43008.0K)->0.0B(43008.0K) Survivors: 6144.0K->6144.0K Heap: 56485.0K(81920.0K)->12965.0K(81920.0K)]
 [Times: user=0.03 sys=0.01, real=0.01 secs] 
26.797: [GC pause (G1 Evacuation Pause) (young), 0.0074177 secs]
   [Parallel Time: 6.3 ms, GC Workers: 4]
      [GC Worker Start (ms): Min: 26797.1, Avg: 26797.5, Max: 26798.9, Diff: 1.8]
      [Ext Root Scanning (ms): Min: 0.0, Avg: 0.7, Max: 1.1, Diff: 1.1, Sum: 2.7]
      [Update RS (ms): Min: 0.4, Avg: 0.8, Max: 1.2, Diff: 0.8, Sum: 3.2]
         [Processed Buffers: Min: 1, Avg: 2.5, Max: 5, Diff: 4, Sum: 10]
      [Scan RS (ms): Min: 0.0, Avg: 0.0, Max: 0.0, Diff: 0.0, Sum: 0.0]
      [Code Root Scanning (ms): Min: 0.0, Avg: 0.2, Max: 0.5, Diff: 0.5, Sum: 0.9]
      [Object Copy (ms): Min: 3.9, Avg: 4.1, Max: 4.2, Diff: 0.3, Sum: 16.3]
      [Termination (ms): Min: 0.0, Avg: 0.0, Max: 0.0, Diff: 0.0, Sum: 0.0]
         [Termination Attempts: Min: 1, Avg: 1.0, Max: 1, Diff: 0, Sum: 4]
      [GC Worker Other (ms): Min: 0.0, Avg: 0.0, Max: 0.0, Diff: 0.0, Sum: 0.0]
      [GC Worker Total (ms): Min: 4.4, Avg: 5.8, Max: 6.2, Diff: 1.8, Sum: 23.1]
      [GC Worker End (ms): Min: 26803.3, Avg: 26803.3, Max: 26803.3, Diff: 0.0]
   [Code Root Fixup: 0.0 ms]
   [Code Root Purge: 0.0 ms]
   [Clear CT: 0.1 ms]
   [Other: 1.0 ms]
      [Choose CSet: 0.0 ms]
      [Ref Proc: 0.8 ms]
      [Ref Enq: 0.0 ms]
      [Redirty Cards: 0.1 ms]
      [Humongous Register: 0.0 ms]
      [Humongous Reclaim: 0.0 ms]
      [Free CSet: 0.0 ms]
   [Eden: 43008.0K(43008.0K)->0.0B(43008.0K) Survivors: 6144.0K->6144.0K Heap: 55973.0K(81920.0K)->13598.5K(81920.0K)]
 [Times: user=0.04 sys=0.00, real=0.01 secs] 
27.647: [GC pause (G1 Evacuation Pause) (young), 0.0101527 secs]
   [Parallel Time: 7.8 ms, GC Workers: 4]
      [GC Worker Start (ms): Min: 27647.0, Avg: 27647.1, Max: 27647.1, Diff: 0.1]
      [Ext Root Scanning (ms): Min: 0.4, Avg: 0.7, Max: 1.3, Diff: 0.9, Sum: 2.8]
      [Update RS (ms): Min: 0.8, Avg: 1.0, Max: 1.2, Diff: 0.4, Sum: 4.0]
         [Processed Buffers: Min: 2, Avg: 2.8, Max: 4, Diff: 2, Sum: 11]
      [Scan RS (ms): Min: 0.0, Avg: 0.0, Max: 0.0, Diff: 0.0, Sum: 0.0]
      [Code Root Scanning (ms): Min: 0.0, Avg: 0.3, Max: 0.6, Diff: 0.6, Sum: 1.1]
      [Object Copy (ms): Min: 5.3, Avg: 5.5, Max: 5.8, Diff: 0.4, Sum: 22.1]
      [Termination (ms): Min: 0.0, Avg: 0.0, Max: 0.0, Diff: 0.0, Sum: 0.0]
         [Termination Attempts: Min: 1, Avg: 1.2, Max: 2, Diff: 1, Sum: 5]
      [GC Worker Other (ms): Min: 0.0, Avg: 0.0, Max: 0.0, Diff: 0.0, Sum: 0.1]
      [GC Worker Total (ms): Min: 7.4, Avg: 7.5, Max: 7.6, Diff: 0.1, Sum: 30.1]
      [GC Worker End (ms): Min: 27654.6, Avg: 27654.6, Max: 27654.6, Diff: 0.0]
   [Code Root Fixup: 0.0 ms]
   [Code Root Purge: 0.0 ms]
   [Clear CT: 0.4 ms]
   [Other: 1.9 ms]
      [Choose CSet: 0.0 ms]
      [Ref Proc: 1.5 ms]
      [Ref Enq: 0.0 ms]
      [Redirty Cards: 0.3 ms]
      [Humongous Register: 0.0 ms]
      [Humongous Reclaim: 0.0 ms]
      [Free CSet: 0.1 ms]
   [Eden: 43008.0K(43008.0K)->0.0B(43008.0K) Survivors: 6144.0K->6144.0K Heap: 56606.5K(81920.0K)->14525.0K(81920.0K)]
 [Times: user=0.03 sys=0.00, real=0.01 secs] 
28.682: [GC pause (G1 Evacuation Pause) (young), 0.0135382 secs]
   [Parallel Time: 10.6 ms, GC Workers: 4]
      [GC Worker Start (ms): Min: 28681.8, Avg: 28681.9, Max: 28682.0, Diff: 0.1]
      [Ext Root Scanning (ms): Min: 0.4, Avg: 1.2, Max: 2.3, Diff: 1.9, Sum: 4.9]
      [Update RS (ms): Min: 0.7, Avg: 1.3, Max: 1.7, Diff: 1.0, Sum: 5.3]
         [Processed Buffers: Min: 1, Avg: 3.5, Max: 6, Diff: 5, Sum: 14]
      [Scan RS (ms): Min: 0.0, Avg: 0.0, Max: 0.0, Diff: 0.0, Sum: 0.0]
      [Code Root Scanning (ms): Min: 0.0, Avg: 0.3, Max: 0.5, Diff: 0.5, Sum: 1.0]
      [Object Copy (ms): Min: 7.3, Avg: 7.6, Max: 8.0, Diff: 0.7, Sum: 30.5]
      [Termination (ms): Min: 0.0, Avg: 0.0, Max: 0.0, Diff: 0.0, Sum: 0.0]
         [Termination Attempts: Min: 1, Avg: 1.0, Max: 1, Diff: 0, Sum: 4]
      [GC Worker Other (ms): Min: 0.0, Avg: 0.0, Max: 0.0, Diff: 0.0, Sum: 0.0]
      [GC Worker Total (ms): Min: 10.4, Avg: 10.4, Max: 10.5, Diff: 0.1, Sum: 41.8]
      [GC Worker End (ms): Min: 28692.4, Avg: 28692.4, Max: 28692.4, Diff: 0.0]
   [Code Root Fixup: 0.0 ms]
   [Code Root Purge: 0.0 ms]
   [Clear CT: 0.4 ms]
   [Other: 2.5 ms]
      [Choose CSet: 0.0 ms]
      [Ref Proc: 2.2 ms]
      [Ref Enq: 0.0 ms]
      [Redirty Cards: 0.1 ms]
      [Humongous Register: 0.0 ms]
      [Humongous Reclaim: 0.0 ms]
      [Free CSet: 0.0 ms]
   [Eden: 43008.0K(43008.0K)->0.0B(43008.0K) Survivors: 6144.0K->6144.0K Heap: 57533.0K(81920.0K)->17696.5K(81920.0K)]
 [Times: user=0.04 sys=0.00, real=0.01 secs] 
29.875: [GC pause (G1 Evacuation Pause) (young), 0.0174519 secs]
   [Parallel Time: 15.5 ms, GC Workers: 4]
      [GC Worker Start (ms): Min: 29875.4, Avg: 29875.9, Max: 29877.3, Diff: 1.9]
      [Ext Root Scanning (ms): Min: 0.0, Avg: 1.4, Max: 3.7, Diff: 3.7, Sum: 5.5]
      [Update RS (ms): Min: 1.2, Avg: 2.5, Max: 3.3, Diff: 2.1, Sum: 9.8]
         [Processed Buffers: Min: 1, Avg: 4.2, Max: 8, Diff: 7, Sum: 17]
      [Scan RS (ms): Min: 0.0, Avg: 0.6, Max: 1.2, Diff: 1.2, Sum: 2.3]
      [Code Root Scanning (ms): Min: 0.0, Avg: 1.6, Max: 5.7, Diff: 5.7, Sum: 6.5]
      [Object Copy (ms): Min: 5.4, Avg: 8.7, Max: 10.0, Diff: 4.6, Sum: 34.9]
      [Termination (ms): Min: 0.0, Avg: 0.1, Max: 0.2, Diff: 0.2, Sum: 0.5]
         [Termination Attempts: Min: 1, Avg: 1.5, Max: 3, Diff: 2, Sum: 6]
      [GC Worker Other (ms): Min: 0.0, Avg: 0.0, Max: 0.0, Diff: 0.0, Sum: 0.0]
      [GC Worker Total (ms): Min: 13.6, Avg: 14.9, Max: 15.4, Diff: 1.8, Sum: 59.5]
      [GC Worker End (ms): Min: 29890.8, Avg: 29890.8, Max: 29890.8, Diff: 0.0]
   [Code Root Fixup: 0.0 ms]
   [Code Root Purge: 0.0 ms]
   [Clear CT: 0.1 ms]
   [Other: 1.8 ms]
      [Choose CSet: 0.0 ms]
      [Ref Proc: 1.5 ms]
      [Ref Enq: 0.1 ms]
      [Redirty Cards: 0.1 ms]
      [Humongous Register: 0.0 ms]
      [Humongous Reclaim: 0.0 ms]
      [Free CSet: 0.1 ms]
   [Eden: 43008.0K(43008.0K)->0.0B(43008.0K) Survivors: 6144.0K->6144.0K Heap: 60704.5K(81920.0K)->19960.0K(81920.0K)]
 [Times: user=0.07 sys=0.00, real=0.02 secs] 
29.938: [GC pause (Metadata GC Threshold) (young) (initial-mark), 0.0141874 secs]
   [Parallel Time: 13.6 ms, GC Workers: 4]
      [GC Worker Start (ms): Min: 29938.2, Avg: 29938.6, Max: 29939.5, Diff: 1.3]
      [Ext Root Scanning (ms): Min: 0.4, Avg: 4.1, Max: 13.0, Diff: 12.6, Sum: 16.3]
      [Update RS (ms): Min: 0.0, Avg: 2.4, Max: 3.3, Diff: 3.3, Sum: 9.7]
         [Processed Buffers: Min: 0, Avg: 4.8, Max: 8, Diff: 8, Sum: 19]
      [Scan RS (ms): Min: 0.0, Avg: 0.0, Max: 0.0, Diff: 0.0, Sum: 0.0]
      [Code Root Scanning (ms): Min: 0.0, Avg: 0.2, Max: 0.5, Diff: 0.5, Sum: 0.9]
      [Object Copy (ms): Min: 0.4, Avg: 6.2, Max: 8.6, Diff: 8.2, Sum: 24.7]
      [Termination (ms): Min: 0.0, Avg: 0.2, Max: 0.3, Diff: 0.3, Sum: 0.9]
         [Termination Attempts: Min: 1, Avg: 1.0, Max: 1, Diff: 0, Sum: 4]
      [GC Worker Other (ms): Min: 0.0, Avg: 0.0, Max: 0.0, Diff: 0.0, Sum: 0.0]
      [GC Worker Total (ms): Min: 12.2, Avg: 13.1, Max: 13.4, Diff: 1.3, Sum: 52.5]
      [GC Worker End (ms): Min: 29951.7, Avg: 29951.7, Max: 29951.7, Diff: 0.0]
   [Code Root Fixup: 0.0 ms]
   [Code Root Purge: 0.0 ms]
   [Clear CT: 0.1 ms]
   [Other: 0.5 ms]
      [Choose CSet: 0.0 ms]
      [Ref Proc: 0.3 ms]
      [Ref Enq: 0.0 ms]
      [Redirty Cards: 0.1 ms]
      [Humongous Register: 0.0 ms]
      [Humongous Reclaim: 0.0 ms]
      [Free CSet: 0.0 ms]
   [Eden: 3072.0K(43008.0K)->0.0B(44032.0K) Survivors: 6144.0K->5120.0K Heap: 22522.0K(81920.0K)->20194.5K(81920.0K)]
 [Times: user=0.05 sys=0.00, real=0.02 secs] 
29.952: [GC concurrent-root-region-scan-start]
29.958: [GC concurrent-root-region-scan-end, 0.0059446 secs]
29.958: [GC concurrent-mark-start]
29.995: [GC concurrent-mark-end, 0.0366428 secs]
29.995: [GC remark 29.995: [Finalize Marking, 0.0057376 secs] 30.001: [GC ref-proc, 0.0005942 secs] 30.002: [Unloading, 0.0080081 secs], 0.0146247 secs]
 [Times: user=0.06 sys=0.00, real=0.02 secs] 
30.011: [GC cleanup 22244K->22244K(81920K), 0.0004374 secs]
 [Times: user=0.00 sys=0.00, real=0.00 secs] 
32.253: [GC pause (G1 Evacuation Pause) (young), 0.0264552 secs]
   [Parallel Time: 24.0 ms, GC Workers: 4]
      [GC Worker Start (ms): Min: 32253.3, Avg: 32256.3, Max: 32261.5, Diff: 8.2]
      [Ext Root Scanning (ms): Min: 0.0, Avg: 0.9, Max: 1.9, Diff: 1.9, Sum: 3.6]
      [Update RS (ms): Min: 0.0, Avg: 3.3, Max: 5.1, Diff: 5.1, Sum: 13.1]
         [Processed Buffers: Min: 0, Avg: 6.0, Max: 12, Diff: 12, Sum: 24]
      [Scan RS (ms): Min: 0.0, Avg: 0.0, Max: 0.1, Diff: 0.1, Sum: 0.1]
      [Code Root Scanning (ms): Min: 0.0, Avg: 4.3, Max: 16.7, Diff: 16.7, Sum: 17.1]
      [Object Copy (ms): Min: 0.4, Avg: 12.0, Max: 16.5, Diff: 16.1, Sum: 48.0]
      [Termination (ms): Min: 0.0, Avg: 0.4, Max: 0.6, Diff: 0.6, Sum: 1.6]
         [Termination Attempts: Min: 1, Avg: 1.0, Max: 1, Diff: 0, Sum: 4]
      [GC Worker Other (ms): Min: 0.0, Avg: 0.0, Max: 0.0, Diff: 0.0, Sum: 0.0]
      [GC Worker Total (ms): Min: 15.8, Avg: 20.9, Max: 23.9, Diff: 8.1, Sum: 83.5]
      [GC Worker End (ms): Min: 32277.2, Avg: 32277.2, Max: 32277.3, Diff: 0.1]
   [Code Root Fixup: 0.0 ms]
   [Code Root Purge: 0.0 ms]
   [Clear CT: 0.1 ms]
   [Other: 2.3 ms]
      [Choose CSet: 0.0 ms]
      [Ref Proc: 1.9 ms]
      [Ref Enq: 0.0 ms]
      [Redirty Cards: 0.2 ms]
      [Humongous Register: 0.0 ms]
      [Humongous Reclaim: 0.0 ms]
      [Free CSet: 0.0 ms]
   [Eden: 44032.0K(44032.0K)->0.0B(1024.0K) Survivors: 5120.0K->6144.0K Heap: 66365.7K(81920.0K)->21730.5K(81920.0K)]
 [Times: user=0.06 sys=0.01, real=0.02 secs] 
32.290: [GC pause (G1 Evacuation Pause) (mixed), 0.0238907 secs]
   [Parallel Time: 22.9 ms, GC Workers: 4]
      [GC Worker Start (ms): Min: 32290.4, Avg: 32291.7, Max: 32295.3, Diff: 4.8]
      [Ext Root Scanning (ms): Min: 0.0, Avg: 0.8, Max: 1.8, Diff: 1.8, Sum: 3.4]
      [Update RS (ms): Min: 0.0, Avg: 2.1, Max: 5.5, Diff: 5.5, Sum: 8.5]
         [Processed Buffers: Min: 0, Avg: 2.5, Max: 6, Diff: 6, Sum: 10]
      [Scan RS (ms): Min: 0.1, Avg: 3.3, Max: 11.6, Diff: 11.6, Sum: 13.4]
      [Code Root Scanning (ms): Min: 0.0, Avg: 0.2, Max: 0.5, Diff: 0.5, Sum: 0.7]
      [Object Copy (ms): Min: 1.1, Avg: 10.0, Max: 14.8, Diff: 13.8, Sum: 39.9]
      [Termination (ms): Min: 0.0, Avg: 3.0, Max: 4.1, Diff: 4.1, Sum: 11.9]
         [Termination Attempts: Min: 1, Avg: 1.5, Max: 2, Diff: 1, Sum: 6]
      [GC Worker Other (ms): Min: 0.0, Avg: 0.0, Max: 0.0, Diff: 0.0, Sum: 0.1]
      [GC Worker Total (ms): Min: 15.1, Avg: 19.5, Max: 22.8, Diff: 7.7, Sum: 77.8]
      [GC Worker End (ms): Min: 32310.4, Avg: 32311.1, Max: 32313.3, Diff: 2.9]
   [Code Root Fixup: 0.0 ms]
   [Code Root Purge: 0.0 ms]
   [Clear CT: 0.1 ms]
   [Other: 0.9 ms]
      [Choose CSet: 0.0 ms]
      [Ref Proc: 0.6 ms]
      [Ref Enq: 0.0 ms]
      [Redirty Cards: 0.1 ms]
      [Humongous Register: 0.0 ms]
      [Humongous Reclaim: 0.0 ms]
      [Free CSet: 0.1 ms]
   [Eden: 1024.0K(1024.0K)->0.0B(48128.0K) Survivors: 6144.0K->1024.0K Heap: 22754.5K(81920.0K)->17846.0K(81920.0K)]
 [Times: user=0.06 sys=0.00, real=0.02 secs] 
33.890: [GC pause (G1 Evacuation Pause) (young), 0.0459443 secs]
   [Parallel Time: 43.5 ms, GC Workers: 4]
      [GC Worker Start (ms): Min: 33889.7, Avg: 33901.5, Max: 33907.6, Diff: 17.8]
      [Ext Root Scanning (ms): Min: 0.0, Avg: 1.1, Max: 4.3, Diff: 4.3, Sum: 4.3]
      [Update RS (ms): Min: 0.0, Avg: 11.2, Max: 38.7, Diff: 38.7, Sum: 44.7]
         [Processed Buffers: Min: 0, Avg: 6.0, Max: 14, Diff: 14, Sum: 24]
      [Scan RS (ms): Min: 0.0, Avg: 1.1, Max: 4.5, Diff: 4.5, Sum: 4.6]
      [Code Root Scanning (ms): Min: 0.0, Avg: 0.0, Max: 0.1, Diff: 0.1, Sum: 0.1]
      [Object Copy (ms): Min: 0.0, Avg: 2.2, Max: 4.3, Diff: 4.3, Sum: 8.9]
      [Termination (ms): Min: 0.0, Avg: 16.0, Max: 21.3, Diff: 21.3, Sum: 63.8]
         [Termination Attempts: Min: 1, Avg: 2.8, Max: 8, Diff: 7, Sum: 11]
      [GC Worker Other (ms): Min: 0.0, Avg: 0.0, Max: 0.0, Diff: 0.0, Sum: 0.0]
      [GC Worker Total (ms): Min: 25.6, Avg: 31.6, Max: 43.4, Diff: 17.8, Sum: 126.6]
      [GC Worker End (ms): Min: 33933.2, Avg: 33933.2, Max: 33933.2, Diff: 0.0]
   [Code Root Fixup: 0.0 ms]
   [Code Root Purge: 0.0 ms]
   [Clear CT: 0.2 ms]
   [Other: 2.3 ms]
      [Choose CSet: 0.0 ms]
      [Ref Proc: 2.0 ms]
      [Ref Enq: 0.1 ms]
      [Redirty Cards: 0.1 ms]
      [Humongous Register: 0.0 ms]
      [Humongous Reclaim: 0.0 ms]
      [Free CSet: 0.0 ms]
   [Eden: 48128.0K(48128.0K)->0.0B(45056.0K) Survivors: 1024.0K->4096.0K Heap: 65974.0K(81920.0K)->20179.1K(81920.0K)]
 [Times: user=0.11 sys=0.01, real=0.04 secs] 
36.567: [GC pause (G1 Evacuation Pause) (young), 0.0092617 secs]
   [Parallel Time: 7.8 ms, GC Workers: 4]
      [GC Worker Start (ms): Min: 36567.2, Avg: 36567.2, Max: 36567.2, Diff: 0.0]
      [Ext Root Scanning (ms): Min: 0.9, Avg: 1.3, Max: 2.1, Diff: 1.2, Sum: 5.1]
      [Update RS (ms): Min: 0.8, Avg: 1.9, Max: 2.3, Diff: 1.5, Sum: 7.4]
         [Processed Buffers: Min: 3, Avg: 3.8, Max: 6, Diff: 3, Sum: 15]
      [Scan RS (ms): Min: 0.0, Avg: 0.0, Max: 0.0, Diff: 0.0, Sum: 0.0]
      [Code Root Scanning (ms): Min: 0.0, Avg: 0.1, Max: 0.2, Diff: 0.2, Sum: 0.2]
      [Object Copy (ms): Min: 3.5, Avg: 3.7, Max: 3.9, Diff: 0.4, Sum: 15.0]
      [Termination (ms): Min: 0.0, Avg: 0.0, Max: 0.0, Diff: 0.0, Sum: 0.0]
         [Termination Attempts: Min: 1, Avg: 1.2, Max: 2, Diff: 1, Sum: 5]
      [GC Worker Other (ms): Min: 0.0, Avg: 0.0, Max: 0.0, Diff: 0.0, Sum: 0.1]
      [GC Worker Total (ms): Min: 6.9, Avg: 7.0, Max: 7.0, Diff: 0.0, Sum: 27.8]
      [GC Worker End (ms): Min: 36574.2, Avg: 36574.2, Max: 36574.2, Diff: 0.0]
   [Code Root Fixup: 0.0 ms]
   [Code Root Purge: 0.0 ms]
   [Clear CT: 0.1 ms]
   [Other: 1.3 ms]
      [Choose CSet: 0.0 ms]
      [Ref Proc: 1.1 ms]
      [Ref Enq: 0.1 ms]
      [Redirty Cards: 0.1 ms]
      [Humongous Register: 0.0 ms]
      [Humongous Reclaim: 0.0 ms]
      [Free CSet: 0.0 ms]
   [Eden: 45056.0K(45056.0K)->0.0B(43008.0K) Survivors: 4096.0K->6144.0K Heap: 65235.1K(81920.0K)->22454.0K(81920.0K)]
 [Times: user=0.03 sys=0.00, real=0.01 secs] 
38.727: [GC pause (G1 Evacuation Pause) (young), 0.0338046 secs]
   [Parallel Time: 31.5 ms, GC Workers: 4]
      [GC Worker Start (ms): Min: 38726.7, Avg: 38732.5, Max: 38736.9, Diff: 10.2]
      [Ext Root Scanning (ms): Min: 0.0, Avg: 5.0, Max: 19.6, Diff: 19.6, Sum: 20.2]
      [Update RS (ms): Min: 0.0, Avg: 5.7, Max: 20.5, Diff: 20.5, Sum: 23.0]
         [Processed Buffers: Min: 0, Avg: 4.2, Max: 8, Diff: 8, Sum: 17]
      [Scan RS (ms): Min: 0.0, Avg: 0.0, Max: 0.0, Diff: 0.0, Sum: 0.0]
      [Code Root Scanning (ms): Min: 0.0, Avg: 0.1, Max: 0.2, Diff: 0.2, Sum: 0.3]
      [Object Copy (ms): Min: 1.1, Avg: 7.4, Max: 13.4, Diff: 12.3, Sum: 29.6]
      [Termination (ms): Min: 0.0, Avg: 2.9, Max: 8.2, Diff: 8.2, Sum: 11.5]
         [Termination Attempts: Min: 1, Avg: 1.8, Max: 3, Diff: 2, Sum: 7]
      [GC Worker Other (ms): Min: 0.0, Avg: 0.0, Max: 0.0, Diff: 0.0, Sum: 0.1]
      [GC Worker Total (ms): Min: 14.8, Avg: 21.2, Max: 25.6, Diff: 10.8, Sum: 84.6]
      [GC Worker End (ms): Min: 38751.8, Avg: 38753.6, Max: 38758.1, Diff: 6.4]
   [Code Root Fixup: 0.0 ms]
   [Code Root Purge: 0.0 ms]
   [Clear CT: 0.1 ms]
   [Other: 2.1 ms]
      [Choose CSet: 0.0 ms]
      [Ref Proc: 1.8 ms]
      [Ref Enq: 0.1 ms]
      [Redirty Cards: 0.1 ms]
      [Humongous Register: 0.0 ms]
      [Humongous Reclaim: 0.0 ms]
      [Free CSet: 0.0 ms]
   [Eden: 43008.0K(43008.0K)->0.0B(43008.0K) Survivors: 6144.0K->6144.0K Heap: 65462.0K(81920.0K)->23390.0K(81920.0K)]
 [Times: user=0.09 sys=0.00, real=0.03 secs] 
39.797: [GC pause (G1 Evacuation Pause) (young), 0.0669107 secs]
   [Parallel Time: 56.3 ms, GC Workers: 4]
      [GC Worker Start (ms): Min: 39797.1, Avg: 39800.9, Max: 39804.0, Diff: 6.9]
      [Ext Root Scanning (ms): Min: 0.0, Avg: 4.9, Max: 19.6, Diff: 19.5, Sum: 19.8]
      [Update RS (ms): Min: 0.0, Avg: 9.5, Max: 19.9, Diff: 19.9, Sum: 37.9]
         [Processed Buffers: Min: 0, Avg: 4.8, Max: 9, Diff: 9, Sum: 19]
      [Scan RS (ms): Min: 0.0, Avg: 0.0, Max: 0.0, Diff: 0.0, Sum: 0.1]
      [Code Root Scanning (ms): Min: 0.0, Avg: 0.1, Max: 0.3, Diff: 0.3, Sum: 0.3]
      [Object Copy (ms): Min: 19.2, Avg: 30.1, Max: 50.1, Diff: 30.9, Sum: 120.6]
      [Termination (ms): Min: 0.0, Avg: 7.3, Max: 12.8, Diff: 12.8, Sum: 29.2]
         [Termination Attempts: Min: 1, Avg: 1.2, Max: 2, Diff: 1, Sum: 5]
      [GC Worker Other (ms): Min: 0.0, Avg: 0.0, Max: 0.0, Diff: 0.0, Sum: 0.1]
      [GC Worker Total (ms): Min: 48.7, Avg: 52.0, Max: 56.0, Diff: 7.3, Sum: 207.9]
      [GC Worker End (ms): Min: 39852.5, Avg: 39852.9, Max: 39853.3, Diff: 0.8]
   [Code Root Fixup: 0.0 ms]
   [Code Root Purge: 0.0 ms]
   [Clear CT: 0.2 ms]
   [Other: 10.4 ms]
      [Choose CSet: 0.0 ms]
      [Ref Proc: 9.2 ms]
      [Ref Enq: 0.1 ms]
      [Redirty Cards: 1.0 ms]
      [Humongous Register: 0.0 ms]
      [Humongous Reclaim: 0.0 ms]
      [Free CSet: 0.1 ms]
   [Eden: 43008.0K(43008.0K)->0.0B(40960.0K) Survivors: 6144.0K->6144.0K Heap: 66398.0K(81920.0K)->25688.0K(81920.0K)]
 [Times: user=0.10 sys=0.00, real=0.07 secs] 
40.684: [GC pause (G1 Evacuation Pause) (young), 0.0529369 secs]
   [Parallel Time: 48.6 ms, GC Workers: 4]
      [GC Worker Start (ms): Min: 40683.6, Avg: 40688.5, Max: 40693.3, Diff: 9.7]
      [Ext Root Scanning (ms): Min: 0.0, Avg: 0.9, Max: 1.9, Diff: 1.9, Sum: 3.7]
      [Update RS (ms): Min: 0.0, Avg: 1.7, Max: 3.5, Diff: 3.5, Sum: 6.8]
         [Processed Buffers: Min: 0, Avg: 4.0, Max: 10, Diff: 10, Sum: 16]
      [Scan RS (ms): Min: 0.0, Avg: 1.3, Max: 2.6, Diff: 2.6, Sum: 5.0]
      [Code Root Scanning (ms): Min: 0.0, Avg: 0.1, Max: 0.3, Diff: 0.3, Sum: 0.3]
      [Object Copy (ms): Min: 20.9, Avg: 26.3, Max: 40.7, Diff: 19.8, Sum: 105.0]
      [Termination (ms): Min: 0.0, Avg: 13.4, Max: 17.9, Diff: 17.9, Sum: 53.7]
         [Termination Attempts: Min: 1, Avg: 4.0, Max: 6, Diff: 5, Sum: 16]
      [GC Worker Other (ms): Min: 0.0, Avg: 0.0, Max: 0.0, Diff: 0.0, Sum: 0.1]
      [GC Worker Total (ms): Min: 38.8, Avg: 43.7, Max: 48.5, Diff: 9.7, Sum: 174.7]
      [GC Worker End (ms): Min: 40732.1, Avg: 40732.1, Max: 40732.2, Diff: 0.0]
   [Code Root Fixup: 0.0 ms]
   [Code Root Purge: 0.0 ms]
   [Clear CT: 2.3 ms]
   [Other: 2.1 ms]
      [Choose CSet: 0.0 ms]
      [Ref Proc: 1.7 ms]
      [Ref Enq: 0.0 ms]
      [Redirty Cards: 0.1 ms]
      [Humongous Register: 0.0 ms]
      [Humongous Reclaim: 0.0 ms]
      [Free CSet: 0.0 ms]
   [Eden: 30720.0K(30720.0K)->0.0B(38912.0K) Survivors: 6144.0K->5120.0K Heap: 56408.0K(81920.0K)->28531.5K(81920.0K)]
 [Times: user=0.09 sys=0.02, real=0.05 secs] 
41.198: [GC pause (G1 Evacuation Pause) (young), 0.0221896 secs]
   [Parallel Time: 19.8 ms, GC Workers: 4]
      [GC Worker Start (ms): Min: 41197.9, Avg: 41200.8, Max: 41209.3, Diff: 11.4]
      [Ext Root Scanning (ms): Min: 0.0, Avg: 0.7, Max: 1.2, Diff: 1.2, Sum: 2.9]
      [Update RS (ms): Min: 0.0, Avg: 5.3, Max: 13.0, Diff: 13.0, Sum: 21.1]
         [Processed Buffers: Min: 0, Avg: 4.5, Max: 7, Diff: 7, Sum: 18]
      [Scan RS (ms): Min: 0.0, Avg: 0.8, Max: 1.7, Diff: 1.7, Sum: 3.1]
      [Code Root Scanning (ms): Min: 0.0, Avg: 0.0, Max: 0.1, Diff: 0.1, Sum: 0.1]
      [Object Copy (ms): Min: 4.2, Avg: 8.8, Max: 13.3, Diff: 9.0, Sum: 35.4]
      [Termination (ms): Min: 0.0, Avg: 1.2, Max: 1.7, Diff: 1.7, Sum: 5.0]
         [Termination Attempts: Min: 1, Avg: 1.0, Max: 1, Diff: 0, Sum: 4]
      [GC Worker Other (ms): Min: 0.0, Avg: 0.0, Max: 0.0, Diff: 0.0, Sum: 0.1]
      [GC Worker Total (ms): Min: 8.4, Avg: 16.9, Max: 19.8, Diff: 11.4, Sum: 67.6]
      [GC Worker End (ms): Min: 41217.7, Avg: 41217.7, Max: 41217.7, Diff: 0.0]
   [Code Root Fixup: 0.0 ms]
   [Code Root Purge: 0.0 ms]
   [Clear CT: 0.1 ms]
   [Other: 2.2 ms]
      [Choose CSet: 0.0 ms]
      [Ref Proc: 1.9 ms]
      [Ref Enq: 0.1 ms]
      [Redirty Cards: 0.1 ms]
      [Humongous Register: 0.0 ms]
      [Humongous Reclaim: 0.0 ms]
      [Free CSet: 0.1 ms]
   [Eden: 38912.0K(38912.0K)->0.0B(36864.0K) Survivors: 5120.0K->6144.0K Heap: 67443.5K(81920.0K)->29555.5K(81920.0K)]
 [Times: user=0.07 sys=0.00, real=0.02 secs] 
42.968: [GC pause (G1 Evacuation Pause) (young), 0.0406419 secs]
   [Parallel Time: 30.1 ms, GC Workers: 4]
      [GC Worker Start (ms): Min: 42968.0, Avg: 42970.6, Max: 42973.3, Diff: 5.3]
      [Ext Root Scanning (ms): Min: 0.0, Avg: 0.7, Max: 1.5, Diff: 1.5, Sum: 2.9]
      [Update RS (ms): Min: 0.0, Avg: 6.9, Max: 18.6, Diff: 18.5, Sum: 27.8]
         [Processed Buffers: Min: 2, Avg: 4.0, Max: 6, Diff: 4, Sum: 16]
      [Scan RS (ms): Min: 0.0, Avg: 0.4, Max: 1.0, Diff: 1.0, Sum: 1.6]
      [Code Root Scanning (ms): Min: 0.0, Avg: 0.0, Max: 0.1, Diff: 0.1, Sum: 0.2]
      [Object Copy (ms): Min: 3.6, Avg: 14.2, Max: 22.3, Diff: 18.7, Sum: 56.7]
      [Termination (ms): Min: 0.0, Avg: 4.2, Max: 6.0, Diff: 6.0, Sum: 16.7]
         [Termination Attempts: Min: 1, Avg: 1.0, Max: 1, Diff: 0, Sum: 4]
      [GC Worker Other (ms): Min: 0.0, Avg: 0.0, Max: 0.0, Diff: 0.0, Sum: 0.1]
      [GC Worker Total (ms): Min: 23.5, Avg: 26.5, Max: 30.0, Diff: 6.5, Sum: 105.8]
      [GC Worker End (ms): Min: 42996.8, Avg: 42997.1, Max: 42998.0, Diff: 1.2]
   [Code Root Fixup: 0.0 ms]
   [Code Root Purge: 0.0 ms]
   [Clear CT: 6.8 ms]
   [Other: 3.8 ms]
      [Choose CSet: 0.0 ms]
      [Ref Proc: 3.4 ms]
      [Ref Enq: 0.1 ms]
      [Redirty Cards: 0.2 ms]
      [Humongous Register: 0.0 ms]
      [Humongous Reclaim: 0.0 ms]
      [Free CSet: 0.1 ms]
   [Eden: 36864.0K(36864.0K)->0.0B(36864.0K) Survivors: 6144.0K->5120.0K Heap: 66419.5K(81920.0K)->30627.0K(81920.0K)]
 [Times: user=0.10 sys=0.00, real=0.04 secs] 
44.439: [GC pause (G1 Evacuation Pause) (young), 0.0360092 secs]
   [Parallel Time: 34.2 ms, GC Workers: 4]
      [GC Worker Start (ms): Min: 44439.0, Avg: 44441.5, Max: 44445.3, Diff: 6.4]
      [Ext Root Scanning (ms): Min: 0.0, Avg: 1.0, Max: 2.1, Diff: 2.1, Sum: 4.1]
      [Update RS (ms): Min: 0.0, Avg: 6.8, Max: 16.0, Diff: 16.0, Sum: 27.3]
         [Processed Buffers: Min: 1, Avg: 4.0, Max: 10, Diff: 9, Sum: 16]
      [Scan RS (ms): Min: 0.0, Avg: 1.4, Max: 2.8, Diff: 2.7, Sum: 5.4]
      [Code Root Scanning (ms): Min: 0.0, Avg: 0.1, Max: 0.2, Diff: 0.2, Sum: 0.2]
      [Object Copy (ms): Min: 3.7, Avg: 12.9, Max: 24.9, Diff: 21.2, Sum: 51.7]
      [Termination (ms): Min: 0.0, Avg: 9.4, Max: 12.7, Diff: 12.7, Sum: 37.5]
         [Termination Attempts: Min: 1, Avg: 1.0, Max: 1, Diff: 0, Sum: 4]
      [GC Worker Other (ms): Min: 0.0, Avg: 0.0, Max: 0.0, Diff: 0.0, Sum: 0.0]
      [GC Worker Total (ms): Min: 27.7, Avg: 31.6, Max: 34.1, Diff: 6.4, Sum: 126.2]
      [GC Worker End (ms): Min: 44473.0, Avg: 44473.0, Max: 44473.1, Diff: 0.1]
   [Code Root Fixup: 0.0 ms]
   [Code Root Purge: 0.0 ms]
   [Clear CT: 0.2 ms]
   [Other: 1.7 ms]
      [Choose CSet: 0.0 ms]
      [Ref Proc: 1.4 ms]
      [Ref Enq: 0.1 ms]
      [Redirty Cards: 0.1 ms]
      [Humongous Register: 0.0 ms]
      [Humongous Reclaim: 0.0 ms]
      [Free CSet: 0.1 ms]
   [Eden: 36864.0K(36864.0K)->0.0B(34816.0K) Survivors: 5120.0K->6144.0K Heap: 67491.0K(81920.0K)->32163.0K(81920.0K)]
 [Times: user=0.11 sys=0.00, real=0.04 secs] 
46.237: [GC pause (G1 Evacuation Pause) (young), 0.0271410 secs]
   [Parallel Time: 25.4 ms, GC Workers: 4]
      [GC Worker Start (ms): Min: 46236.7, Avg: 46240.7, Max: 46243.5, Diff: 6.8]
      [Ext Root Scanning (ms): Min: 0.0, Avg: 1.5, Max: 4.6, Diff: 4.6, Sum: 6.0]
      [Update RS (ms): Min: 1.2, Avg: 2.4, Max: 3.9, Diff: 2.7, Sum: 9.7]
         [Processed Buffers: Min: 2, Avg: 3.5, Max: 6, Diff: 4, Sum: 14]
      [Scan RS (ms): Min: 0.0, Avg: 1.1, Max: 2.0, Diff: 1.9, Sum: 4.3]
      [Code Root Scanning (ms): Min: 0.0, Avg: 1.8, Max: 6.8, Diff: 6.7, Sum: 7.3]
      [Object Copy (ms): Min: 11.2, Avg: 13.9, Max: 15.3, Diff: 4.1, Sum: 55.6]
      [Termination (ms): Min: 0.0, Avg: 0.6, Max: 1.2, Diff: 1.2, Sum: 2.4]
         [Termination Attempts: Min: 1, Avg: 1.2, Max: 2, Diff: 1, Sum: 5]
      [GC Worker Other (ms): Min: 0.0, Avg: 0.0, Max: 0.0, Diff: 0.0, Sum: 0.1]
      [GC Worker Total (ms): Min: 18.6, Avg: 21.4, Max: 25.3, Diff: 6.8, Sum: 85.5]
      [GC Worker End (ms): Min: 46262.0, Avg: 46262.0, Max: 46262.0, Diff: 0.0]
   [Code Root Fixup: 0.0 ms]
   [Code Root Purge: 0.0 ms]
   [Clear CT: 0.1 ms]
   [Other: 1.6 ms]
      [Choose CSet: 0.0 ms]
      [Ref Proc: 1.3 ms]
      [Ref Enq: 0.0 ms]
      [Redirty Cards: 0.1 ms]
      [Humongous Register: 0.0 ms]
      [Humongous Reclaim: 0.0 ms]
      [Free CSet: 0.0 ms]
   [Eden: 34816.0K(34816.0K)->0.0B(32768.0K) Survivors: 6144.0K->5120.0K Heap: 66979.0K(81920.0K)->35235.0K(81920.0K)]
 [Times: user=0.10 sys=0.00, real=0.03 secs] 
73.549: [GC pause (G1 Evacuation Pause) (young) (initial-mark), 0.0159471 secs]
   [Parallel Time: 13.5 ms, GC Workers: 4]
      [GC Worker Start (ms): Min: 73549.8, Avg: 73549.8, Max: 73549.8, Diff: 0.1]
      [Ext Root Scanning (ms): Min: 1.8, Avg: 2.0, Max: 2.3, Diff: 0.4, Sum: 8.2]
      [Update RS (ms): Min: 1.4, Avg: 1.6, Max: 1.8, Diff: 0.3, Sum: 6.3]
         [Processed Buffers: Min: 2, Avg: 5.0, Max: 7, Diff: 5, Sum: 20]
      [Scan RS (ms): Min: 1.7, Avg: 1.8, Max: 1.9, Diff: 0.3, Sum: 7.3]
      [Code Root Scanning (ms): Min: 0.0, Avg: 0.2, Max: 0.5, Diff: 0.5, Sum: 0.7]
      [Object Copy (ms): Min: 7.0, Avg: 7.6, Max: 8.0, Diff: 1.0, Sum: 30.3]
      [Termination (ms): Min: 0.0, Avg: 0.0, Max: 0.0, Diff: 0.0, Sum: 0.0]
         [Termination Attempts: Min: 1, Avg: 1.0, Max: 1, Diff: 0, Sum: 4]
      [GC Worker Other (ms): Min: 0.0, Avg: 0.0, Max: 0.0, Diff: 0.0, Sum: 0.1]
      [GC Worker Total (ms): Min: 13.2, Avg: 13.2, Max: 13.2, Diff: 0.1, Sum: 52.8]
      [GC Worker End (ms): Min: 73563.0, Avg: 73563.0, Max: 73563.0, Diff: 0.0]
   [Code Root Fixup: 0.0 ms]
   [Code Root Purge: 0.0 ms]
   [Clear CT: 0.5 ms]
   [Other: 1.9 ms]
      [Choose CSet: 0.0 ms]
      [Ref Proc: 1.6 ms]
      [Ref Enq: 0.0 ms]
      [Redirty Cards: 0.1 ms]
      [Humongous Register: 0.0 ms]
      [Humongous Reclaim: 0.0 ms]
      [Free CSet: 0.1 ms]
   [Eden: 32768.0K(32768.0K)->0.0B(27648.0K) Survivors: 5120.0K->5120.0K Heap: 68003.0K(81920.0K)->40448.0K(81920.0K)]
 [Times: user=0.05 sys=0.01, real=0.01 secs] 
73.566: [GC concurrent-root-region-scan-start]
73.575: [GC concurrent-root-region-scan-end, 0.0094633 secs]
73.575: [GC concurrent-mark-start]
73.690: [GC concurrent-mark-end, 0.1145031 secs]
73.690: [GC remark 73.690: [Finalize Marking, 0.0012618 secs] 73.692: [GC ref-proc, 0.0010186 secs] 73.693: [Unloading, 0.0123145 secs], 0.0151625 secs]
 [Times: user=0.05 sys=0.00, real=0.01 secs] 
73.706: [GC cleanup 45915K->44891K(81920K), 0.0006125 secs]
 [Times: user=0.00 sys=0.00, real=0.00 secs] 
