OpenJDK 64-Bit Server VM (25.282-b08) for linux-amd64 JRE (1.8.0_282-8u282-b08-0ubuntu1~20.04-b08), built on Jan 20 2021 03:59:41 by "buildd" with gcc 9.3.0
Memory: 4k page, physical 3727404k(211532k free), swap 2097148k(748940k free)
CommandLine flags: -XX:InitialHeapSize=52428800 -XX:InitiatingHeapOccupancyPercent=35 -XX:MaxGCPauseMillis=50 -XX:MaxHeapSize=52428800 -XX:+PrintGC -XX:+PrintGCDetails -XX:+PrintGCTimeStamps -XX:+UseCompressedClassPointers -XX:+UseCompressedOops -XX:+UseG1GC 
0.387: [GC pause (G1 Evacuation Pause) (young), 0.0031256 secs]
   [Parallel Time: 2.1 ms, GC Workers: 4]
      [GC Worker Start (ms): Min: 387.3, Avg: 388.3, Max: 389.3, Diff: 1.9]
      [Ext Root Scanning (ms): Min: 0.0, Avg: 0.3, Max: 0.7, Diff: 0.6, Sum: 1.2]
      [Update RS (ms): Min: 0.0, Avg: 0.0, Max: 0.0, Diff: 0.0, Sum: 0.0]
         [Processed Buffers: Min: 0, Avg: 0.0, Max: 0, Diff: 0, Sum: 0]
      [Scan RS (ms): Min: 0.0, Avg: 0.0, Max: 0.0, Diff: 0.0, Sum: 0.0]
      [Code Root Scanning (ms): Min: 0.0, Avg: 0.0, Max: 0.0, Diff: 0.0, Sum: 0.0]
      [Object Copy (ms): Min: 0.0, Avg: 0.5, Max: 1.0, Diff: 1.0, Sum: 2.0]
      [Termination (ms): Min: 0.0, Avg: 0.3, Max: 0.4, Diff: 0.4, Sum: 1.0]
         [Termination Attempts: Min: 1, Avg: 1.0, Max: 1, Diff: 0, Sum: 4]
      [GC Worker Other (ms): Min: 0.0, Avg: 0.0, Max: 0.0, Diff: 0.0, Sum: 0.1]
      [GC Worker Total (ms): Min: 0.0, Avg: 1.1, Max: 2.0, Diff: 2.0, Sum: 4.3]
      [GC Worker End (ms): Min: 389.3, Avg: 389.3, Max: 389.4, Diff: 0.1]
   [Code Root Fixup: 0.0 ms]
   [Code Root Purge: 0.0 ms]
   [Clear CT: 0.1 ms]
   [Other: 0.9 ms]
      [Choose CSet: 0.0 ms]
      [Ref Proc: 0.8 ms]
      [Ref Enq: 0.0 ms]
      [Redirty Cards: 0.1 ms]
      [Humongous Register: 0.0 ms]
      [Humongous Reclaim: 0.0 ms]
      [Free CSet: 0.0 ms]
   [Eden: 3072.0K(3072.0K)->0.0B(3072.0K) Survivors: 0.0B->1024.0K Heap: 3675.2K(51200.0K)->705.5K(51200.0K)]
 [Times: user=0.01 sys=0.00, real=0.00 secs] 
0.531: [GC pause (G1 Evacuation Pause) (young), 0.0036115 secs]
   [Parallel Time: 2.4 ms, GC Workers: 4]
      [GC Worker Start (ms): Min: 531.5, Avg: 532.6, Max: 533.8, Diff: 2.3]
      [Ext Root Scanning (ms): Min: 0.0, Avg: 0.3, Max: 0.7, Diff: 0.7, Sum: 1.3]
      [Update RS (ms): Min: 0.0, Avg: 0.0, Max: 0.0, Diff: 0.0, Sum: 0.0]
         [Processed Buffers: Min: 0, Avg: 0.0, Max: 0, Diff: 0, Sum: 0]
      [Scan RS (ms): Min: 0.0, Avg: 0.0, Max: 0.0, Diff: 0.0, Sum: 0.0]
      [Code Root Scanning (ms): Min: 0.0, Avg: 0.0, Max: 0.1, Diff: 0.1, Sum: 0.1]
      [Object Copy (ms): Min: 0.0, Avg: 0.6, Max: 1.3, Diff: 1.3, Sum: 2.6]
      [Termination (ms): Min: 0.0, Avg: 0.2, Max: 0.3, Diff: 0.3, Sum: 0.9]
         [Termination Attempts: Min: 1, Avg: 1.0, Max: 1, Diff: 0, Sum: 4]
      [GC Worker Other (ms): Min: 0.0, Avg: 0.0, Max: 0.0, Diff: 0.0, Sum: 0.0]
      [GC Worker Total (ms): Min: 0.0, Avg: 1.2, Max: 2.3, Diff: 2.3, Sum: 4.9]
      [GC Worker End (ms): Min: 533.8, Avg: 533.8, Max: 533.9, Diff: 0.1]
   [Code Root Fixup: 0.0 ms]
   [Code Root Purge: 0.0 ms]
   [Clear CT: 0.4 ms]
   [Other: 0.8 ms]
      [Choose CSet: 0.0 ms]
      [Ref Proc: 0.6 ms]
      [Ref Enq: 0.0 ms]
      [Redirty Cards: 0.1 ms]
      [Humongous Register: 0.0 ms]
      [Humongous Reclaim: 0.0 ms]
      [Free CSet: 0.0 ms]
   [Eden: 3072.0K(3072.0K)->0.0B(6144.0K) Survivors: 1024.0K->1024.0K Heap: 3777.5K(51200.0K)->961.1K(51200.0K)]
 [Times: user=0.01 sys=0.01, real=0.00 secs] 
0.800: [GC pause (G1 Evacuation Pause) (young), 0.0042770 secs]
   [Parallel Time: 3.1 ms, GC Workers: 4]
      [GC Worker Start (ms): Min: 800.5, Avg: 801.6, Max: 802.7, Diff: 2.2]
      [Ext Root Scanning (ms): Min: 0.0, Avg: 0.3, Max: 0.7, Diff: 0.7, Sum: 1.4]
      [Update RS (ms): Min: 0.0, Avg: 0.0, Max: 0.0, Diff: 0.0, Sum: 0.0]
         [Processed Buffers: Min: 0, Avg: 0.0, Max: 0, Diff: 0, Sum: 0]
      [Scan RS (ms): Min: 0.0, Avg: 0.0, Max: 0.0, Diff: 0.0, Sum: 0.0]
      [Code Root Scanning (ms): Min: 0.0, Avg: 0.0, Max: 0.2, Diff: 0.2, Sum: 0.2]
      [Object Copy (ms): Min: 0.6, Avg: 1.4, Max: 2.4, Diff: 1.7, Sum: 5.6]
      [Termination (ms): Min: 0.0, Avg: 0.1, Max: 0.2, Diff: 0.2, Sum: 0.5]
         [Termination Attempts: Min: 1, Avg: 1.2, Max: 2, Diff: 1, Sum: 5]
      [GC Worker Other (ms): Min: 0.0, Avg: 0.0, Max: 0.0, Diff: 0.0, Sum: 0.0]
      [GC Worker Total (ms): Min: 0.8, Avg: 2.0, Max: 3.1, Diff: 2.2, Sum: 7.8]
      [GC Worker End (ms): Min: 803.5, Avg: 803.5, Max: 803.5, Diff: 0.0]
   [Code Root Fixup: 0.0 ms]
   [Code Root Purge: 0.0 ms]
   [Clear CT: 0.1 ms]
   [Other: 1.1 ms]
      [Choose CSet: 0.0 ms]
      [Ref Proc: 0.9 ms]
      [Ref Enq: 0.0 ms]
      [Redirty Cards: 0.1 ms]
      [Humongous Register: 0.0 ms]
      [Humongous Reclaim: 0.0 ms]
      [Free CSet: 0.0 ms]
   [Eden: 6144.0K(6144.0K)->0.0B(29696.0K) Survivors: 1024.0K->1024.0K Heap: 7105.1K(51200.0K)->1979.0K(51200.0K)]
 [Times: user=0.01 sys=0.00, real=0.00 secs] 
1.646: [GC pause (G1 Evacuation Pause) (young), 0.0068719 secs]
   [Parallel Time: 4.2 ms, GC Workers: 4]
      [GC Worker Start (ms): Min: 1645.9, Avg: 1646.2, Max: 1647.0, Diff: 1.1]
      [Ext Root Scanning (ms): Min: 0.0, Avg: 0.5, Max: 1.0, Diff: 1.0, Sum: 1.8]
      [Update RS (ms): Min: 0.0, Avg: 0.1, Max: 0.2, Diff: 0.2, Sum: 0.4]
         [Processed Buffers: Min: 0, Avg: 2.2, Max: 3, Diff: 3, Sum: 9]
      [Scan RS (ms): Min: 0.0, Avg: 0.0, Max: 0.0, Diff: 0.0, Sum: 0.0]
      [Code Root Scanning (ms): Min: 0.0, Avg: 0.8, Max: 3.0, Diff: 3.0, Sum: 3.4]
      [Object Copy (ms): Min: 0.4, Avg: 2.2, Max: 3.0, Diff: 2.6, Sum: 8.7]
      [Termination (ms): Min: 0.0, Avg: 0.2, Max: 0.3, Diff: 0.3, Sum: 0.8]
         [Termination Attempts: Min: 1, Avg: 1.2, Max: 2, Diff: 1, Sum: 5]
      [GC Worker Other (ms): Min: 0.0, Avg: 0.0, Max: 0.0, Diff: 0.0, Sum: 0.0]
      [GC Worker Total (ms): Min: 3.0, Avg: 3.8, Max: 4.1, Diff: 1.1, Sum: 15.3]
      [GC Worker End (ms): Min: 1650.0, Avg: 1650.0, Max: 1650.0, Diff: 0.0]
   [Code Root Fixup: 0.0 ms]
   [Code Root Purge: 0.0 ms]
   [Clear CT: 0.1 ms]
   [Other: 2.5 ms]
      [Choose CSet: 0.0 ms]
      [Ref Proc: 2.3 ms]
      [Ref Enq: 0.0 ms]
      [Redirty Cards: 0.1 ms]
      [Humongous Register: 0.0 ms]
      [Humongous Reclaim: 0.0 ms]
      [Free CSet: 0.0 ms]
   [Eden: 29696.0K(29696.0K)->0.0B(26624.0K) Survivors: 1024.0K->4096.0K Heap: 31675.0K(51200.0K)->4202.6K(51200.0K)]
 [Times: user=0.01 sys=0.01, real=0.01 secs] 
3.464: [GC pause (G1 Evacuation Pause) (young), 0.0057330 secs]
   [Parallel Time: 4.5 ms, GC Workers: 4]
      [GC Worker Start (ms): Min: 3464.1, Avg: 3464.7, Max: 3466.7, Diff: 2.7]
      [Ext Root Scanning (ms): Min: 0.0, Avg: 0.6, Max: 1.1, Diff: 1.1, Sum: 2.5]
      [Update RS (ms): Min: 0.0, Avg: 0.1, Max: 0.2, Diff: 0.2, Sum: 0.4]
         [Processed Buffers: Min: 0, Avg: 1.8, Max: 5, Diff: 5, Sum: 7]
      [Scan RS (ms): Min: 0.0, Avg: 0.0, Max: 0.0, Diff: 0.0, Sum: 0.0]
      [Code Root Scanning (ms): Min: 0.0, Avg: 0.2, Max: 0.5, Diff: 0.5, Sum: 0.7]
      [Object Copy (ms): Min: 1.7, Avg: 2.7, Max: 3.3, Diff: 1.6, Sum: 11.0]
      [Termination (ms): Min: 0.0, Avg: 0.0, Max: 0.0, Diff: 0.0, Sum: 0.0]
         [Termination Attempts: Min: 1, Avg: 1.0, Max: 1, Diff: 0, Sum: 4]
      [GC Worker Other (ms): Min: 0.0, Avg: 0.0, Max: 0.0, Diff: 0.0, Sum: 0.1]
      [GC Worker Total (ms): Min: 1.7, Avg: 3.7, Max: 4.4, Diff: 2.7, Sum: 14.7]
      [GC Worker End (ms): Min: 3468.4, Avg: 3468.4, Max: 3468.4, Diff: 0.0]
   [Code Root Fixup: 0.0 ms]
   [Code Root Purge: 0.0 ms]
   [Clear CT: 0.1 ms]
   [Other: 1.2 ms]
      [Choose CSet: 0.0 ms]
      [Ref Proc: 1.0 ms]
      [Ref Enq: 0.0 ms]
      [Redirty Cards: 0.1 ms]
      [Humongous Register: 0.0 ms]
      [Humongous Reclaim: 0.0 ms]
      [Free CSet: 0.0 ms]
   [Eden: 26624.0K(26624.0K)->0.0B(26624.0K) Survivors: 4096.0K->4096.0K Heap: 30826.6K(51200.0K)->5398.5K(51200.0K)]
 [Times: user=0.02 sys=0.00, real=0.01 secs] 
3.854: [GC pause (G1 Evacuation Pause) (young), 0.0076574 secs]
   [Parallel Time: 5.9 ms, GC Workers: 4]
      [GC Worker Start (ms): Min: 3853.9, Avg: 3854.0, Max: 3854.0, Diff: 0.1]
      [Ext Root Scanning (ms): Min: 0.3, Avg: 0.7, Max: 1.5, Diff: 1.1, Sum: 2.6]
      [Update RS (ms): Min: 0.0, Avg: 0.1, Max: 0.2, Diff: 0.2, Sum: 0.5]
         [Processed Buffers: Min: 0, Avg: 2.0, Max: 5, Diff: 5, Sum: 8]
      [Scan RS (ms): Min: 0.0, Avg: 0.0, Max: 0.0, Diff: 0.0, Sum: 0.0]
      [Code Root Scanning (ms): Min: 0.0, Avg: 0.3, Max: 0.6, Diff: 0.6, Sum: 1.2]
      [Object Copy (ms): Min: 3.9, Avg: 4.3, Max: 4.6, Diff: 0.7, Sum: 17.2]
      [Termination (ms): Min: 0.0, Avg: 0.3, Max: 0.5, Diff: 0.5, Sum: 1.3]
         [Termination Attempts: Min: 1, Avg: 1.5, Max: 3, Diff: 2, Sum: 6]
      [GC Worker Other (ms): Min: 0.0, Avg: 0.0, Max: 0.0, Diff: 0.0, Sum: 0.0]
      [GC Worker Total (ms): Min: 5.7, Avg: 5.7, Max: 5.8, Diff: 0.1, Sum: 22.9]
      [GC Worker End (ms): Min: 3859.7, Avg: 3859.7, Max: 3859.7, Diff: 0.0]
   [Code Root Fixup: 0.0 ms]
   [Code Root Purge: 0.0 ms]
   [Clear CT: 0.1 ms]
   [Other: 1.7 ms]
      [Choose CSet: 0.0 ms]
      [Ref Proc: 1.5 ms]
      [Ref Enq: 0.0 ms]
      [Redirty Cards: 0.1 ms]
      [Humongous Register: 0.0 ms]
      [Humongous Reclaim: 0.0 ms]
      [Free CSet: 0.0 ms]
   [Eden: 26624.0K(26624.0K)->0.0B(26624.0K) Survivors: 4096.0K->4096.0K Heap: 32022.5K(51200.0K)->6777.5K(51200.0K)]
 [Times: user=0.02 sys=0.00, real=0.01 secs] 
4.028: [GC pause (G1 Evacuation Pause) (young), 0.0103187 secs]
   [Parallel Time: 8.3 ms, GC Workers: 4]
      [GC Worker Start (ms): Min: 4028.4, Avg: 4030.2, Max: 4035.6, Diff: 7.2]
      [Ext Root Scanning (ms): Min: 0.0, Avg: 0.7, Max: 1.4, Diff: 1.4, Sum: 3.0]
      [Update RS (ms): Min: 0.0, Avg: 0.4, Max: 0.6, Diff: 0.6, Sum: 1.5]
         [Processed Buffers: Min: 0, Avg: 2.2, Max: 5, Diff: 5, Sum: 9]
      [Scan RS (ms): Min: 0.0, Avg: 0.0, Max: 0.0, Diff: 0.0, Sum: 0.0]
      [Code Root Scanning (ms): Min: 0.0, Avg: 0.3, Max: 0.6, Diff: 0.6, Sum: 1.1]
      [Object Copy (ms): Min: 0.0, Avg: 3.9, Max: 5.7, Diff: 5.7, Sum: 15.6]
      [Termination (ms): Min: 0.0, Avg: 0.4, Max: 1.1, Diff: 1.1, Sum: 1.6]
         [Termination Attempts: Min: 1, Avg: 1.2, Max: 2, Diff: 1, Sum: 5]
      [GC Worker Other (ms): Min: 0.0, Avg: 0.0, Max: 0.0, Diff: 0.0, Sum: 0.1]
      [GC Worker Total (ms): Min: 0.0, Avg: 5.7, Max: 8.1, Diff: 8.1, Sum: 22.8]
      [GC Worker End (ms): Min: 4035.6, Avg: 4035.9, Max: 4036.5, Diff: 0.9]
   [Code Root Fixup: 0.0 ms]
   [Code Root Purge: 0.0 ms]
   [Clear CT: 0.1 ms]
   [Other: 1.9 ms]
      [Choose CSet: 0.0 ms]
      [Ref Proc: 1.7 ms]
      [Ref Enq: 0.0 ms]
      [Redirty Cards: 0.1 ms]
      [Humongous Register: 0.0 ms]
      [Humongous Reclaim: 0.0 ms]
      [Free CSet: 0.0 ms]
   [Eden: 26624.0K(26624.0K)->0.0B(26624.0K) Survivors: 4096.0K->4096.0K Heap: 33401.5K(51200.0K)->9115.5K(51200.0K)]
 [Times: user=0.03 sys=0.00, real=0.01 secs] 
4.333: [GC pause (G1 Evacuation Pause) (young), 0.0134464 secs]
   [Parallel Time: 12.3 ms, GC Workers: 4]
      [GC Worker Start (ms): Min: 4333.0, Avg: 4334.2, Max: 4337.2, Diff: 4.2]
      [Ext Root Scanning (ms): Min: 0.0, Avg: 2.2, Max: 6.0, Diff: 6.0, Sum: 8.7]
      [Update RS (ms): Min: 0.0, Avg: 0.9, Max: 1.9, Diff: 1.9, Sum: 3.8]
         [Processed Buffers: Min: 0, Avg: 3.0, Max: 8, Diff: 8, Sum: 12]
      [Scan RS (ms): Min: 0.0, Avg: 0.0, Max: 0.0, Diff: 0.0, Sum: 0.0]
      [Code Root Scanning (ms): Min: 0.0, Avg: 0.1, Max: 0.3, Diff: 0.3, Sum: 0.5]
      [Object Copy (ms): Min: 4.7, Avg: 5.7, Max: 6.3, Diff: 1.6, Sum: 22.9]
      [Termination (ms): Min: 0.0, Avg: 1.0, Max: 2.0, Diff: 2.0, Sum: 4.1]
         [Termination Attempts: Min: 1, Avg: 1.0, Max: 1, Diff: 0, Sum: 4]
      [GC Worker Other (ms): Min: 0.0, Avg: 0.0, Max: 0.0, Diff: 0.0, Sum: 0.1]
      [GC Worker Total (ms): Min: 6.5, Avg: 10.0, Max: 12.0, Diff: 5.5, Sum: 40.1]
      [GC Worker End (ms): Min: 4343.7, Avg: 4344.2, Max: 4345.0, Diff: 1.3]
   [Code Root Fixup: 0.0 ms]
   [Code Root Purge: 0.0 ms]
   [Clear CT: 0.1 ms]
   [Other: 1.1 ms]
      [Choose CSet: 0.0 ms]
      [Ref Proc: 0.9 ms]
      [Ref Enq: 0.0 ms]
      [Redirty Cards: 0.1 ms]
      [Humongous Register: 0.0 ms]
      [Humongous Reclaim: 0.0 ms]
      [Free CSet: 0.0 ms]
   [Eden: 26624.0K(26624.0K)->0.0B(26624.0K) Survivors: 4096.0K->4096.0K Heap: 35739.5K(51200.0K)->9856.0K(51200.0K)]
 [Times: user=0.03 sys=0.00, real=0.01 secs] 
4.647: [GC pause (G1 Evacuation Pause) (young), 0.0084184 secs]
   [Parallel Time: 7.2 ms, GC Workers: 4]
      [GC Worker Start (ms): Min: 4646.6, Avg: 4648.3, Max: 4653.5, Diff: 6.9]
      [Ext Root Scanning (ms): Min: 0.0, Avg: 0.8, Max: 1.5, Diff: 1.5, Sum: 3.4]
      [Update RS (ms): Min: 0.0, Avg: 0.4, Max: 0.6, Diff: 0.6, Sum: 1.4]
         [Processed Buffers: Min: 0, Avg: 2.5, Max: 4, Diff: 4, Sum: 10]
      [Scan RS (ms): Min: 0.0, Avg: 0.0, Max: 0.0, Diff: 0.0, Sum: 0.0]
      [Code Root Scanning (ms): Min: 0.0, Avg: 0.1, Max: 0.4, Diff: 0.4, Sum: 0.5]
      [Object Copy (ms): Min: 0.0, Avg: 3.7, Max: 5.3, Diff: 5.3, Sum: 14.8]
      [Termination (ms): Min: 0.0, Avg: 0.2, Max: 0.4, Diff: 0.4, Sum: 0.8]
         [Termination Attempts: Min: 1, Avg: 1.2, Max: 2, Diff: 1, Sum: 5]
      [GC Worker Other (ms): Min: 0.0, Avg: 0.0, Max: 0.0, Diff: 0.0, Sum: 0.0]
      [GC Worker Total (ms): Min: 0.0, Avg: 5.2, Max: 7.1, Diff: 7.0, Sum: 20.9]
      [GC Worker End (ms): Min: 4653.5, Avg: 4653.6, Max: 4653.7, Diff: 0.2]
   [Code Root Fixup: 0.0 ms]
   [Code Root Purge: 0.0 ms]
   [Clear CT: 0.1 ms]
   [Other: 1.1 ms]
      [Choose CSet: 0.0 ms]
      [Ref Proc: 0.9 ms]
      [Ref Enq: 0.0 ms]
      [Redirty Cards: 0.1 ms]
      [Humongous Register: 0.0 ms]
      [Humongous Reclaim: 0.0 ms]
      [Free CSet: 0.0 ms]
   [Eden: 26624.0K(26624.0K)->0.0B(26624.0K) Survivors: 4096.0K->4096.0K Heap: 36480.0K(51200.0K)->10916.5K(51200.0K)]
 [Times: user=0.04 sys=0.00, real=0.01 secs] 
4.857: [GC pause (Metadata GC Threshold) (young) (initial-mark), 0.0109754 secs]
   [Parallel Time: 9.7 ms, GC Workers: 4]
      [GC Worker Start (ms): Min: 4857.1, Avg: 4857.5, Max: 4858.4, Diff: 1.3]
      [Ext Root Scanning (ms): Min: 2.5, Avg: 3.5, Max: 4.5, Diff: 2.0, Sum: 13.9]
      [Update RS (ms): Min: 0.0, Avg: 2.2, Max: 6.7, Diff: 6.7, Sum: 8.8]
         [Processed Buffers: Min: 0, Avg: 3.5, Max: 8, Diff: 8, Sum: 14]
      [Scan RS (ms): Min: 0.0, Avg: 0.0, Max: 0.0, Diff: 0.0, Sum: 0.0]
      [Code Root Scanning (ms): Min: 0.0, Avg: 0.1, Max: 0.2, Diff: 0.2, Sum: 0.2]
      [Object Copy (ms): Min: 0.3, Avg: 3.1, Max: 4.6, Diff: 4.4, Sum: 12.3]
      [Termination (ms): Min: 0.0, Avg: 0.4, Max: 0.8, Diff: 0.8, Sum: 1.5]
         [Termination Attempts: Min: 1, Avg: 2.8, Max: 5, Diff: 4, Sum: 11]
      [GC Worker Other (ms): Min: 0.0, Avg: 0.0, Max: 0.0, Diff: 0.0, Sum: 0.0]
      [GC Worker Total (ms): Min: 8.3, Avg: 9.2, Max: 9.5, Diff: 1.3, Sum: 36.8]
      [GC Worker End (ms): Min: 4866.7, Avg: 4866.7, Max: 4866.7, Diff: 0.0]
   [Code Root Fixup: 0.0 ms]
   [Code Root Purge: 0.0 ms]
   [Clear CT: 0.1 ms]
   [Other: 1.2 ms]
      [Choose CSet: 0.0 ms]
      [Ref Proc: 1.0 ms]
      [Ref Enq: 0.0 ms]
      [Redirty Cards: 0.1 ms]
      [Humongous Register: 0.0 ms]
      [Humongous Reclaim: 0.0 ms]
      [Free CSet: 0.0 ms]
   [Eden: 12288.0K(26624.0K)->0.0B(26624.0K) Survivors: 4096.0K->4096.0K Heap: 22509.9K(51200.0K)->11623.5K(51200.0K)]
 [Times: user=0.03 sys=0.00, real=0.02 secs] 
4.868: [GC concurrent-root-region-scan-start]
4.874: [GC concurrent-root-region-scan-end, 0.0061673 secs]
4.874: [GC concurrent-mark-start]
4.886: [GC concurrent-mark-end, 0.0119679 secs]
4.886: [GC remark 4.886: [Finalize Marking, 0.0003082 secs] 4.887: [GC ref-proc, 0.0003317 secs] 4.887: [Unloading, 0.0041063 secs], 0.0051472 secs]
 [Times: user=0.02 sys=0.00, real=0.01 secs] 
4.892: [GC cleanup 12647K->12647K(51200K), 0.0005583 secs]
 [Times: user=0.00 sys=0.00, real=0.00 secs] 
5.115: [GC pause (GCLocker Initiated GC) (young), 0.0209442 secs]
   [Parallel Time: 11.9 ms, GC Workers: 4]
      [GC Worker Start (ms): Min: 5115.0, Avg: 5116.7, Max: 5118.4, Diff: 3.4]
      [Ext Root Scanning (ms): Min: 0.0, Avg: 0.7, Max: 1.5, Diff: 1.5, Sum: 2.8]
      [Update RS (ms): Min: 0.0, Avg: 0.7, Max: 1.4, Diff: 1.4, Sum: 2.7]
         [Processed Buffers: Min: 0, Avg: 3.5, Max: 12, Diff: 12, Sum: 14]
      [Scan RS (ms): Min: 0.0, Avg: 0.0, Max: 0.0, Diff: 0.0, Sum: 0.0]
      [Code Root Scanning (ms): Min: 0.0, Avg: 0.1, Max: 0.2, Diff: 0.2, Sum: 0.2]
      [Object Copy (ms): Min: 4.8, Avg: 5.1, Max: 5.7, Diff: 0.9, Sum: 20.4]
      [Termination (ms): Min: 0.0, Avg: 1.0, Max: 3.5, Diff: 3.5, Sum: 3.9]
         [Termination Attempts: Min: 1, Avg: 1.2, Max: 2, Diff: 1, Sum: 5]
      [GC Worker Other (ms): Min: 0.0, Avg: 0.0, Max: 0.0, Diff: 0.0, Sum: 0.0]
      [GC Worker Total (ms): Min: 5.0, Avg: 7.5, Max: 11.8, Diff: 6.8, Sum: 30.1]
      [GC Worker End (ms): Min: 5123.4, Avg: 5124.2, Max: 5126.8, Diff: 3.4]
   [Code Root Fixup: 0.0 ms]
   [Code Root Purge: 0.0 ms]
   [Clear CT: 0.2 ms]
   [Other: 8.9 ms]
      [Choose CSet: 0.0 ms]
      [Ref Proc: 8.6 ms]
      [Ref Enq: 0.0 ms]
      [Redirty Cards: 0.2 ms]
      [Humongous Register: 0.0 ms]
      [Humongous Reclaim: 0.0 ms]
      [Free CSet: 0.0 ms]
   [Eden: 27648.0K(26624.0K)->0.0B(1024.0K) Survivors: 4096.0K->4096.0K Heap: 38266.0K(51200.0K)->13573.0K(51200.0K)]
 [Times: user=0.05 sys=0.00, real=0.02 secs] 
5.151: [GC pause (G1 Evacuation Pause) (mixed), 0.0119789 secs]
   [Parallel Time: 11.4 ms, GC Workers: 4]
      [GC Worker Start (ms): Min: 5151.2, Avg: 5153.9, Max: 5161.4, Diff: 10.2]
      [Ext Root Scanning (ms): Min: 0.0, Avg: 2.1, Max: 6.4, Diff: 6.4, Sum: 8.3]
      [Update RS (ms): Min: 0.0, Avg: 1.0, Max: 2.0, Diff: 2.0, Sum: 3.9]
         [Processed Buffers: Min: 0, Avg: 3.2, Max: 7, Diff: 7, Sum: 13]
      [Scan RS (ms): Min: 0.0, Avg: 0.2, Max: 0.5, Diff: 0.5, Sum: 1.0]
      [Code Root Scanning (ms): Min: 0.0, Avg: 0.1, Max: 0.3, Diff: 0.3, Sum: 0.4]
      [Object Copy (ms): Min: 0.0, Avg: 3.9, Max: 6.2, Diff: 6.2, Sum: 15.5]
      [Termination (ms): Min: 0.0, Avg: 0.4, Max: 1.2, Diff: 1.2, Sum: 1.6]
         [Termination Attempts: Min: 1, Avg: 1.0, Max: 1, Diff: 0, Sum: 4]
      [GC Worker Other (ms): Min: 0.0, Avg: 0.0, Max: 0.0, Diff: 0.0, Sum: 0.0]
      [GC Worker Total (ms): Min: 0.0, Avg: 7.7, Max: 11.3, Diff: 11.3, Sum: 30.8]
      [GC Worker End (ms): Min: 5161.4, Avg: 5161.6, Max: 5162.4, Diff: 1.1]
   [Code Root Fixup: 0.0 ms]
   [Code Root Purge: 0.0 ms]
   [Clear CT: 0.1 ms]
   [Other: 0.5 ms]
      [Choose CSet: 0.0 ms]
      [Ref Proc: 0.3 ms]
      [Ref Enq: 0.0 ms]
      [Redirty Cards: 0.1 ms]
      [Humongous Register: 0.0 ms]
      [Humongous Reclaim: 0.0 ms]
      [Free CSet: 0.0 ms]
   [Eden: 1024.0K(1024.0K)->0.0B(29696.0K) Survivors: 4096.0K->1024.0K Heap: 14597.0K(51200.0K)->12574.0K(51200.0K)]
 [Times: user=0.03 sys=0.00, real=0.01 secs] 
5.521: [GC pause (G1 Evacuation Pause) (young), 0.0066406 secs]
   [Parallel Time: 4.3 ms, GC Workers: 4]
      [GC Worker Start (ms): Min: 5520.8, Avg: 5520.8, Max: 5520.8, Diff: 0.0]
      [Ext Root Scanning (ms): Min: 0.4, Avg: 0.6, Max: 1.0, Diff: 0.6, Sum: 2.5]
      [Update RS (ms): Min: 1.4, Avg: 1.8, Max: 2.2, Diff: 0.7, Sum: 7.0]
         [Processed Buffers: Min: 2, Avg: 4.5, Max: 6, Diff: 4, Sum: 18]
      [Scan RS (ms): Min: 0.0, Avg: 0.0, Max: 0.0, Diff: 0.0, Sum: 0.0]
      [Code Root Scanning (ms): Min: 0.0, Avg: 0.0, Max: 0.1, Diff: 0.1, Sum: 0.1]
      [Object Copy (ms): Min: 1.7, Avg: 1.8, Max: 1.9, Diff: 0.2, Sum: 7.3]
      [Termination (ms): Min: 0.0, Avg: 0.0, Max: 0.0, Diff: 0.0, Sum: 0.1]
         [Termination Attempts: Min: 1, Avg: 5.5, Max: 9, Diff: 8, Sum: 22]
      [GC Worker Other (ms): Min: 0.0, Avg: 0.0, Max: 0.0, Diff: 0.0, Sum: 0.0]
      [GC Worker Total (ms): Min: 4.3, Avg: 4.3, Max: 4.3, Diff: 0.1, Sum: 17.1]
      [GC Worker End (ms): Min: 5525.1, Avg: 5525.1, Max: 5525.1, Diff: 0.0]
   [Code Root Fixup: 0.0 ms]
   [Code Root Purge: 0.0 ms]
   [Clear CT: 0.1 ms]
   [Other: 2.2 ms]
      [Choose CSet: 0.0 ms]
      [Ref Proc: 2.1 ms]
      [Ref Enq: 0.0 ms]
      [Redirty Cards: 0.1 ms]
      [Humongous Register: 0.0 ms]
      [Humongous Reclaim: 0.0 ms]
      [Free CSet: 0.0 ms]
   [Eden: 29696.0K(29696.0K)->0.0B(25600.0K) Survivors: 1024.0K->4096.0K Heap: 42270.0K(51200.0K)->15022.3K(51200.0K)]
 [Times: user=0.02 sys=0.00, real=0.01 secs] 
5.899: [GC pause (G1 Evacuation Pause) (young), 0.0048669 secs]
   [Parallel Time: 3.7 ms, GC Workers: 4]
      [GC Worker Start (ms): Min: 5899.2, Avg: 5899.2, Max: 5899.2, Diff: 0.0]
      [Ext Root Scanning (ms): Min: 0.6, Avg: 0.8, Max: 1.1, Diff: 0.6, Sum: 3.0]
      [Update RS (ms): Min: 0.0, Avg: 0.5, Max: 1.0, Diff: 0.9, Sum: 2.0]
         [Processed Buffers: Min: 1, Avg: 2.0, Max: 4, Diff: 3, Sum: 8]
      [Scan RS (ms): Min: 0.0, Avg: 0.0, Max: 0.0, Diff: 0.0, Sum: 0.0]
      [Code Root Scanning (ms): Min: 0.0, Avg: 0.1, Max: 0.2, Diff: 0.2, Sum: 0.3]
      [Object Copy (ms): Min: 2.0, Avg: 2.2, Max: 2.3, Diff: 0.3, Sum: 8.8]
      [Termination (ms): Min: 0.0, Avg: 0.0, Max: 0.0, Diff: 0.0, Sum: 0.0]
         [Termination Attempts: Min: 1, Avg: 1.0, Max: 1, Diff: 0, Sum: 4]
      [GC Worker Other (ms): Min: 0.0, Avg: 0.0, Max: 0.0, Diff: 0.0, Sum: 0.0]
      [GC Worker Total (ms): Min: 3.5, Avg: 3.5, Max: 3.6, Diff: 0.0, Sum: 14.2]
      [GC Worker End (ms): Min: 5902.7, Avg: 5902.7, Max: 5902.7, Diff: 0.0]
   [Code Root Fixup: 0.0 ms]
   [Code Root Purge: 0.0 ms]
   [Clear CT: 0.2 ms]
   [Other: 1.0 ms]
      [Choose CSet: 0.0 ms]
      [Ref Proc: 0.7 ms]
      [Ref Enq: 0.0 ms]
      [Redirty Cards: 0.1 ms]
      [Humongous Register: 0.0 ms]
      [Humongous Reclaim: 0.0 ms]
      [Free CSet: 0.0 ms]
   [Eden: 25600.0K(25600.0K)->0.0B(25600.0K) Survivors: 4096.0K->4096.0K Heap: 40622.3K(51200.0K)->15134.0K(51200.0K)]
 [Times: user=0.02 sys=0.00, real=0.00 secs] 
6.384: [GC pause (G1 Evacuation Pause) (young), 0.0210576 secs]
   [Parallel Time: 18.9 ms, GC Workers: 4]
      [GC Worker Start (ms): Min: 6384.4, Avg: 6388.6, Max: 6394.7, Diff: 10.3]
      [Ext Root Scanning (ms): Min: 0.0, Avg: 0.6, Max: 1.2, Diff: 1.2, Sum: 2.3]
      [Update RS (ms): Min: 0.0, Avg: 0.7, Max: 1.7, Diff: 1.7, Sum: 2.8]
         [Processed Buffers: Min: 0, Avg: 2.2, Max: 6, Diff: 6, Sum: 9]
      [Scan RS (ms): Min: 0.0, Avg: 0.0, Max: 0.0, Diff: 0.0, Sum: 0.0]
      [Code Root Scanning (ms): Min: 0.0, Avg: 0.1, Max: 0.4, Diff: 0.4, Sum: 0.4]
      [Object Copy (ms): Min: 0.0, Avg: 6.7, Max: 16.1, Diff: 16.1, Sum: 26.8]
      [Termination (ms): Min: 0.0, Avg: 6.5, Max: 8.7, Diff: 8.7, Sum: 25.9]
         [Termination Attempts: Min: 1, Avg: 1.2, Max: 2, Diff: 1, Sum: 5]
      [GC Worker Other (ms): Min: 0.0, Avg: 0.0, Max: 0.0, Diff: 0.0, Sum: 0.0]
      [GC Worker Total (ms): Min: 8.5, Avg: 14.6, Max: 18.8, Diff: 10.2, Sum: 58.4]
      [GC Worker End (ms): Min: 6403.2, Avg: 6403.2, Max: 6403.2, Diff: 0.0]
   [Code Root Fixup: 0.0 ms]
   [Code Root Purge: 0.0 ms]
   [Clear CT: 0.2 ms]
   [Other: 2.0 ms]
      [Choose CSet: 0.0 ms]
      [Ref Proc: 1.8 ms]
      [Ref Enq: 0.0 ms]
      [Redirty Cards: 0.1 ms]
      [Humongous Register: 0.0 ms]
      [Humongous Reclaim: 0.0 ms]
      [Free CSet: 0.0 ms]
   [Eden: 25600.0K(25600.0K)->0.0B(24576.0K) Survivors: 4096.0K->4096.0K Heap: 40734.0K(51200.0K)->16494.0K(51200.0K)]
 [Times: user=0.07 sys=0.00, real=0.02 secs] 
7.133: [GC pause (G1 Evacuation Pause) (young), 0.0073597 secs]
   [Parallel Time: 6.2 ms, GC Workers: 4]
      [GC Worker Start (ms): Min: 7132.6, Avg: 7132.7, Max: 7132.7, Diff: 0.0]
      [Ext Root Scanning (ms): Min: 0.4, Avg: 0.7, Max: 1.3, Diff: 0.9, Sum: 2.6]
      [Update RS (ms): Min: 0.3, Avg: 0.8, Max: 1.2, Diff: 0.9, Sum: 3.2]
         [Processed Buffers: Min: 1, Avg: 3.0, Max: 7, Diff: 6, Sum: 12]
      [Scan RS (ms): Min: 0.0, Avg: 0.0, Max: 0.0, Diff: 0.0, Sum: 0.0]
      [Code Root Scanning (ms): Min: 0.0, Avg: 0.1, Max: 0.5, Diff: 0.5, Sum: 0.5]
      [Object Copy (ms): Min: 4.2, Avg: 4.5, Max: 4.8, Diff: 0.5, Sum: 17.8]
      [Termination (ms): Min: 0.0, Avg: 0.0, Max: 0.0, Diff: 0.0, Sum: 0.0]
         [Termination Attempts: Min: 1, Avg: 1.0, Max: 1, Diff: 0, Sum: 4]
      [GC Worker Other (ms): Min: 0.0, Avg: 0.0, Max: 0.0, Diff: 0.0, Sum: 0.0]
      [GC Worker Total (ms): Min: 6.0, Avg: 6.0, Max: 6.1, Diff: 0.0, Sum: 24.2]
      [GC Worker End (ms): Min: 7138.7, Avg: 7138.7, Max: 7138.7, Diff: 0.0]
   [Code Root Fixup: 0.0 ms]
   [Code Root Purge: 0.0 ms]
   [Clear CT: 0.1 ms]
   [Other: 1.1 ms]
      [Choose CSet: 0.0 ms]
      [Ref Proc: 0.9 ms]
      [Ref Enq: 0.0 ms]
      [Redirty Cards: 0.1 ms]
      [Humongous Register: 0.0 ms]
      [Humongous Reclaim: 0.0 ms]
      [Free CSet: 0.0 ms]
   [Eden: 24576.0K(24576.0K)->0.0B(23552.0K) Survivors: 4096.0K->4096.0K Heap: 41070.0K(51200.0K)->17934.5K(51200.0K)]
 [Times: user=0.03 sys=0.00, real=0.01 secs] 
8.441: [GC pause (G1 Evacuation Pause) (young), 0.0101222 secs]
   [Parallel Time: 8.8 ms, GC Workers: 4]
      [GC Worker Start (ms): Min: 8440.9, Avg: 8441.7, Max: 8442.3, Diff: 1.4]
      [Ext Root Scanning (ms): Min: 0.2, Avg: 0.8, Max: 1.5, Diff: 1.3, Sum: 3.1]
      [Update RS (ms): Min: 1.8, Avg: 2.0, Max: 2.3, Diff: 0.5, Sum: 8.0]
         [Processed Buffers: Min: 3, Avg: 4.0, Max: 6, Diff: 3, Sum: 16]
      [Scan RS (ms): Min: 0.0, Avg: 0.0, Max: 0.0, Diff: 0.0, Sum: 0.0]
      [Code Root Scanning (ms): Min: 0.0, Avg: 0.2, Max: 0.4, Diff: 0.4, Sum: 0.7]
      [Object Copy (ms): Min: 4.7, Avg: 4.9, Max: 5.1, Diff: 0.3, Sum: 19.6]
      [Termination (ms): Min: 0.0, Avg: 0.0, Max: 0.0, Diff: 0.0, Sum: 0.0]
         [Termination Attempts: Min: 1, Avg: 1.8, Max: 3, Diff: 2, Sum: 7]
      [GC Worker Other (ms): Min: 0.0, Avg: 0.0, Max: 0.0, Diff: 0.0, Sum: 0.1]
      [GC Worker Total (ms): Min: 7.3, Avg: 7.9, Max: 8.7, Diff: 1.4, Sum: 31.5]
      [GC Worker End (ms): Min: 8449.6, Avg: 8449.6, Max: 8449.6, Diff: 0.0]
   [Code Root Fixup: 0.0 ms]
   [Code Root Purge: 0.0 ms]
   [Clear CT: 0.2 ms]
   [Other: 1.1 ms]
      [Choose CSet: 0.0 ms]
      [Ref Proc: 0.9 ms]
      [Ref Enq: 0.0 ms]
      [Redirty Cards: 0.1 ms]
      [Humongous Register: 0.0 ms]
      [Humongous Reclaim: 0.0 ms]
      [Free CSet: 0.0 ms]
   [Eden: 23552.0K(23552.0K)->0.0B(22528.0K) Survivors: 4096.0K->4096.0K Heap: 41486.5K(51200.0K)->19140.5K(51200.0K)]
 [Times: user=0.03 sys=0.00, real=0.01 secs] 
8.993: [GC pause (G1 Humongous Allocation) (young) (initial-mark), 0.0210962 secs]
   [Parallel Time: 18.7 ms, GC Workers: 4]
      [GC Worker Start (ms): Min: 8993.2, Avg: 8994.5, Max: 8995.8, Diff: 2.6]
      [Ext Root Scanning (ms): Min: 0.2, Avg: 8.5, Max: 13.3, Diff: 13.1, Sum: 33.9]
      [Update RS (ms): Min: 0.0, Avg: 1.6, Max: 6.5, Diff: 6.5, Sum: 6.5]
         [Processed Buffers: Min: 0, Avg: 4.0, Max: 16, Diff: 16, Sum: 16]
      [Scan RS (ms): Min: 0.0, Avg: 0.0, Max: 0.0, Diff: 0.0, Sum: 0.0]
      [Code Root Scanning (ms): Min: 0.0, Avg: 2.1, Max: 8.4, Diff: 8.4, Sum: 8.6]
      [Object Copy (ms): Min: 0.0, Avg: 4.1, Max: 8.2, Diff: 8.2, Sum: 16.3]
      [Termination (ms): Min: 0.0, Avg: 0.2, Max: 0.3, Diff: 0.3, Sum: 0.9]
         [Termination Attempts: Min: 1, Avg: 2.8, Max: 5, Diff: 4, Sum: 11]
      [GC Worker Other (ms): Min: 0.0, Avg: 0.0, Max: 0.0, Diff: 0.0, Sum: 0.1]
      [GC Worker Total (ms): Min: 15.2, Avg: 16.6, Max: 17.9, Diff: 2.7, Sum: 66.3]
      [GC Worker End (ms): Min: 9011.0, Avg: 9011.0, Max: 9011.1, Diff: 0.1]
   [Code Root Fixup: 0.0 ms]
   [Code Root Purge: 0.0 ms]
   [Clear CT: 0.1 ms]
   [Other: 2.3 ms]
      [Choose CSet: 0.0 ms]
      [Ref Proc: 2.1 ms]
      [Ref Enq: 0.0 ms]
      [Redirty Cards: 0.1 ms]
      [Humongous Register: 0.0 ms]
      [Humongous Reclaim: 0.0 ms]
      [Free CSet: 0.0 ms]
   [Eden: 18432.0K(22528.0K)->0.0B(18432.0K) Survivors: 4096.0K->4096.0K Heap: 38340.5K(51200.0K)->21699.5K(51200.0K)]
 [Times: user=0.06 sys=0.00, real=0.02 secs] 
9.014: [GC concurrent-root-region-scan-start]
9.022: [GC concurrent-root-region-scan-end, 0.0073192 secs]
9.022: [GC concurrent-mark-start]
9.071: [GC concurrent-mark-end, 0.0493204 secs]
9.072: [GC remark 9.072: [Finalize Marking, 0.0002862 secs] 9.072: [GC ref-proc, 0.0006887 secs] 9.073: [Unloading, 0.0124241 secs], 0.0137066 secs]
 [Times: user=0.04 sys=0.00, real=0.01 secs] 
9.086: [GC cleanup 29470K->28446K(51200K), 0.0004012 secs]
 [Times: user=0.00 sys=0.00, real=0.00 secs] 
9.086: [GC concurrent-cleanup-start]
9.086: [GC concurrent-cleanup-end, 0.0000082 secs]
9.231: [GC pause (G1 Evacuation Pause) (young), 0.0138521 secs]
   [Parallel Time: 11.0 ms, GC Workers: 4]
      [GC Worker Start (ms): Min: 9231.1, Avg: 9236.1, Max: 9237.8, Diff: 6.7]
      [Ext Root Scanning (ms): Min: 0.0, Avg: 0.7, Max: 2.6, Diff: 2.6, Sum: 2.6]
      [Update RS (ms): Min: 0.5, Avg: 1.5, Max: 4.2, Diff: 3.7, Sum: 6.1]
         [Processed Buffers: Min: 1, Avg: 5.2, Max: 11, Diff: 10, Sum: 21]
      [Scan RS (ms): Min: 0.0, Avg: 0.0, Max: 0.0, Diff: 0.0, Sum: 0.0]
      [Code Root Scanning (ms): Min: 0.0, Avg: 0.1, Max: 0.2, Diff: 0.2, Sum: 0.3]
      [Object Copy (ms): Min: 3.4, Avg: 3.7, Max: 4.1, Diff: 0.6, Sum: 14.7]
      [Termination (ms): Min: 0.0, Avg: 0.0, Max: 0.0, Diff: 0.0, Sum: 0.0]
         [Termination Attempts: Min: 1, Avg: 4.2, Max: 8, Diff: 7, Sum: 17]
      [GC Worker Other (ms): Min: 0.0, Avg: 0.0, Max: 0.0, Diff: 0.0, Sum: 0.0]
      [GC Worker Total (ms): Min: 4.3, Avg: 5.9, Max: 10.9, Diff: 6.7, Sum: 23.8]
      [GC Worker End (ms): Min: 9242.1, Avg: 9242.1, Max: 9242.1, Diff: 0.0]
   [Code Root Fixup: 0.0 ms]
   [Code Root Purge: 0.0 ms]
   [Clear CT: 0.1 ms]
   [Other: 2.7 ms]
      [Choose CSet: 0.0 ms]
      [Ref Proc: 2.4 ms]
      [Ref Enq: 0.0 ms]
      [Redirty Cards: 0.1 ms]
      [Humongous Register: 0.0 ms]
      [Humongous Reclaim: 0.0 ms]
      [Free CSet: 0.0 ms]
   [Eden: 18432.0K(18432.0K)->0.0B(1024.0K) Survivors: 4096.0K->3072.0K Heap: 39710.7K(51200.0K)->20460.5K(51200.0K)]
 [Times: user=0.04 sys=0.00, real=0.01 secs] 
9.316: [GC pause (G1 Evacuation Pause) (mixed), 0.0152052 secs]
   [Parallel Time: 10.1 ms, GC Workers: 4]
      [GC Worker Start (ms): Min: 9315.8, Avg: 9318.9, Max: 9321.1, Diff: 5.3]
      [Ext Root Scanning (ms): Min: 0.0, Avg: 0.8, Max: 2.4, Diff: 2.4, Sum: 3.1]
      [Update RS (ms): Min: 1.4, Avg: 3.1, Max: 5.0, Diff: 3.6, Sum: 12.3]
         [Processed Buffers: Min: 3, Avg: 4.8, Max: 7, Diff: 4, Sum: 19]
      [Scan RS (ms): Min: 0.4, Avg: 0.8, Max: 1.1, Diff: 0.8, Sum: 3.3]
      [Code Root Scanning (ms): Min: 0.0, Avg: 0.0, Max: 0.1, Diff: 0.1, Sum: 0.1]
      [Object Copy (ms): Min: 1.9, Avg: 2.0, Max: 2.1, Diff: 0.2, Sum: 8.0]
      [Termination (ms): Min: 0.0, Avg: 0.0, Max: 0.0, Diff: 0.0, Sum: 0.0]
         [Termination Attempts: Min: 1, Avg: 1.0, Max: 1, Diff: 0, Sum: 4]
      [GC Worker Other (ms): Min: 0.0, Avg: 0.0, Max: 0.0, Diff: 0.0, Sum: 0.1]
      [GC Worker Total (ms): Min: 4.5, Avg: 6.8, Max: 9.8, Diff: 5.3, Sum: 27.0]
      [GC Worker End (ms): Min: 9325.6, Avg: 9325.6, Max: 9325.6, Diff: 0.0]
   [Code Root Fixup: 0.0 ms]
   [Code Root Purge: 0.0 ms]
   [Clear CT: 0.1 ms]
   [Other: 5.0 ms]
      [Choose CSet: 0.0 ms]
      [Ref Proc: 4.8 ms]
      [Ref Enq: 0.0 ms]
      [Redirty Cards: 0.1 ms]
      [Humongous Register: 0.0 ms]
      [Humongous Reclaim: 0.0 ms]
      [Free CSet: 0.0 ms]
   [Eden: 1024.0K(1024.0K)->0.0B(1024.0K) Survivors: 3072.0K->1024.0K Heap: 21484.5K(51200.0K)->18215.5K(51200.0K)]
 [Times: user=0.04 sys=0.00, real=0.02 secs] 
9.368: [GC pause (G1 Evacuation Pause) (mixed), 0.0112575 secs]
   [Parallel Time: 10.7 ms, GC Workers: 4]
      [GC Worker Start (ms): Min: 9367.8, Avg: 9369.4, Max: 9374.3, Diff: 6.6]
      [Ext Root Scanning (ms): Min: 0.0, Avg: 0.6, Max: 0.9, Diff: 0.9, Sum: 2.4]
      [Update RS (ms): Min: 0.0, Avg: 2.4, Max: 3.3, Diff: 3.3, Sum: 9.7]
         [Processed Buffers: Min: 0, Avg: 5.8, Max: 8, Diff: 8, Sum: 23]
      [Scan RS (ms): Min: 0.0, Avg: 0.7, Max: 0.9, Diff: 0.9, Sum: 2.6]
      [Code Root Scanning (ms): Min: 0.0, Avg: 0.1, Max: 0.2, Diff: 0.2, Sum: 0.3]
      [Object Copy (ms): Min: 0.9, Avg: 2.7, Max: 5.2, Diff: 4.3, Sum: 10.9]
      [Termination (ms): Min: 0.0, Avg: 2.2, Max: 3.0, Diff: 3.0, Sum: 8.6]
         [Termination Attempts: Min: 1, Avg: 3.2, Max: 6, Diff: 5, Sum: 13]
      [GC Worker Other (ms): Min: 0.0, Avg: 0.0, Max: 0.0, Diff: 0.0, Sum: 0.0]
      [GC Worker Total (ms): Min: 3.7, Avg: 8.7, Max: 10.4, Diff: 6.7, Sum: 34.7]
      [GC Worker End (ms): Min: 9378.0, Avg: 9378.1, Max: 9378.2, Diff: 0.2]
   [Code Root Fixup: 0.0 ms]
   [Code Root Purge: 0.0 ms]
   [Clear CT: 0.1 ms]
   [Other: 0.5 ms]
      [Choose CSet: 0.0 ms]
      [Ref Proc: 0.4 ms]
      [Ref Enq: 0.0 ms]
      [Redirty Cards: 0.0 ms]
      [Humongous Register: 0.0 ms]
      [Humongous Reclaim: 0.0 ms]
      [Free CSet: 0.0 ms]
   [Eden: 1024.0K(1024.0K)->0.0B(1024.0K) Survivors: 1024.0K->1024.0K Heap: 19239.5K(51200.0K)->17547.4K(51200.0K)]
 [Times: user=0.04 sys=0.00, real=0.01 secs] 
9.398: [GC pause (G1 Evacuation Pause) (mixed), 0.0168202 secs]
   [Parallel Time: 16.3 ms, GC Workers: 4]
      [GC Worker Start (ms): Min: 9397.8, Avg: 9398.6, Max: 9399.4, Diff: 1.6]
      [Ext Root Scanning (ms): Min: 0.1, Avg: 0.9, Max: 2.0, Diff: 1.9, Sum: 3.6]
      [Update RS (ms): Min: 2.1, Avg: 2.4, Max: 2.6, Diff: 0.6, Sum: 9.6]
         [Processed Buffers: Min: 4, Avg: 5.2, Max: 7, Diff: 3, Sum: 21]
      [Scan RS (ms): Min: 2.5, Avg: 2.7, Max: 2.9, Diff: 0.4, Sum: 10.6]
      [Code Root Scanning (ms): Min: 0.2, Avg: 0.4, Max: 0.5, Diff: 0.3, Sum: 1.4]
      [Object Copy (ms): Min: 5.1, Avg: 6.3, Max: 9.3, Diff: 4.2, Sum: 25.4]
      [Termination (ms): Min: 0.0, Avg: 2.8, Max: 3.7, Diff: 3.7, Sum: 11.2]
         [Termination Attempts: Min: 1, Avg: 1.2, Max: 2, Diff: 1, Sum: 5]
      [GC Worker Other (ms): Min: 0.0, Avg: 0.0, Max: 0.0, Diff: 0.0, Sum: 0.0]
      [GC Worker Total (ms): Min: 14.7, Avg: 15.5, Max: 16.3, Diff: 1.6, Sum: 61.9]
      [GC Worker End (ms): Min: 9414.1, Avg: 9414.1, Max: 9414.1, Diff: 0.0]
   [Code Root Fixup: 0.0 ms]
   [Code Root Purge: 0.0 ms]
   [Clear CT: 0.1 ms]
   [Other: 0.4 ms]
      [Choose CSet: 0.0 ms]
      [Ref Proc: 0.2 ms]
      [Ref Enq: 0.0 ms]
      [Redirty Cards: 0.1 ms]
      [Humongous Register: 0.0 ms]
      [Humongous Reclaim: 0.0 ms]
      [Free CSet: 0.1 ms]
   [Eden: 1024.0K(1024.0K)->0.0B(1024.0K) Survivors: 1024.0K->1024.0K Heap: 18571.4K(51200.0K)->15324.1K(51200.0K)]
 [Times: user=0.06 sys=0.00, real=0.02 secs] 
9.436: [GC pause (G1 Evacuation Pause) (young), 0.0073154 secs]
   [Parallel Time: 6.7 ms, GC Workers: 4]
      [GC Worker Start (ms): Min: 9436.4, Avg: 9437.9, Max: 9442.4, Diff: 5.9]
      [Ext Root Scanning (ms): Min: 0.0, Avg: 0.6, Max: 0.9, Diff: 0.9, Sum: 2.3]
      [Update RS (ms): Min: 0.0, Avg: 3.5, Max: 5.6, Diff: 5.6, Sum: 14.0]
         [Processed Buffers: Min: 0, Avg: 5.8, Max: 9, Diff: 9, Sum: 23]
      [Scan RS (ms): Min: 0.0, Avg: 0.0, Max: 0.1, Diff: 0.1, Sum: 0.1]
      [Code Root Scanning (ms): Min: 0.0, Avg: 0.0, Max: 0.0, Diff: 0.0, Sum: 0.0]
      [Object Copy (ms): Min: 0.0, Avg: 0.4, Max: 0.8, Diff: 0.8, Sum: 1.6]
      [Termination (ms): Min: 0.0, Avg: 0.5, Max: 0.8, Diff: 0.8, Sum: 2.1]
         [Termination Attempts: Min: 1, Avg: 1.0, Max: 1, Diff: 0, Sum: 4]
      [GC Worker Other (ms): Min: 0.0, Avg: 0.0, Max: 0.0, Diff: 0.0, Sum: 0.0]
      [GC Worker Total (ms): Min: 0.6, Avg: 5.0, Max: 6.6, Diff: 5.9, Sum: 20.2]
      [GC Worker End (ms): Min: 9443.0, Avg: 9443.0, Max: 9443.0, Diff: 0.1]
   [Code Root Fixup: 0.0 ms]
   [Code Root Purge: 0.0 ms]
   [Clear CT: 0.1 ms]
   [Other: 0.6 ms]
      [Choose CSet: 0.0 ms]
      [Ref Proc: 0.4 ms]
      [Ref Enq: 0.0 ms]
      [Redirty Cards: 0.1 ms]
      [Humongous Register: 0.0 ms]
      [Humongous Reclaim: 0.0 ms]
      [Free CSet: 0.0 ms]
   [Eden: 1024.0K(1024.0K)->0.0B(1024.0K) Survivors: 1024.0K->1024.0K Heap: 16348.1K(51200.0K)->15374.6K(51200.0K)]
 [Times: user=0.02 sys=0.00, real=0.01 secs] 
9.452: [GC pause (G1 Evacuation Pause) (young), 0.0025840 secs]
   [Parallel Time: 2.3 ms, GC Workers: 4]
      [GC Worker Start (ms): Min: 9452.1, Avg: 9452.7, Max: 9454.3, Diff: 2.2]
      [Ext Root Scanning (ms): Min: 0.0, Avg: 0.7, Max: 1.1, Diff: 1.0, Sum: 2.9]
      [Update RS (ms): Min: 0.0, Avg: 0.3, Max: 0.6, Diff: 0.6, Sum: 1.2]
         [Processed Buffers: Min: 0, Avg: 1.2, Max: 3, Diff: 3, Sum: 5]
      [Scan RS (ms): Min: 0.0, Avg: 0.0, Max: 0.0, Diff: 0.0, Sum: 0.0]
      [Code Root Scanning (ms): Min: 0.0, Avg: 0.0, Max: 0.0, Diff: 0.0, Sum: 0.0]
      [Object Copy (ms): Min: 0.0, Avg: 0.5, Max: 0.8, Diff: 0.8, Sum: 1.8]
      [Termination (ms): Min: 0.0, Avg: 0.1, Max: 0.2, Diff: 0.2, Sum: 0.5]
         [Termination Attempts: Min: 1, Avg: 1.0, Max: 1, Diff: 0, Sum: 4]
      [GC Worker Other (ms): Min: 0.0, Avg: 0.0, Max: 0.0, Diff: 0.0, Sum: 0.0]
      [GC Worker Total (ms): Min: 0.0, Avg: 1.6, Max: 2.2, Diff: 2.2, Sum: 6.5]
      [GC Worker End (ms): Min: 9454.3, Avg: 9454.3, Max: 9454.3, Diff: 0.0]
   [Code Root Fixup: 0.0 ms]
   [Code Root Purge: 0.0 ms]
   [Clear CT: 0.1 ms]
   [Other: 0.2 ms]
      [Choose CSet: 0.0 ms]
      [Ref Proc: 0.1 ms]
      [Ref Enq: 0.0 ms]
      [Redirty Cards: 0.1 ms]
      [Humongous Register: 0.0 ms]
      [Humongous Reclaim: 0.0 ms]
      [Free CSet: 0.0 ms]
   [Eden: 1024.0K(1024.0K)->0.0B(27648.0K) Survivors: 1024.0K->1024.0K Heap: 16398.6K(51200.0K)->15403.4K(51200.0K)]
 [Times: user=0.01 sys=0.00, real=0.00 secs] 
10.389: [GC pause (G1 Evacuation Pause) (young), 0.0097915 secs]
   [Parallel Time: 8.5 ms, GC Workers: 4]
      [GC Worker Start (ms): Min: 10388.6, Avg: 10389.1, Max: 10390.3, Diff: 1.7]
      [Ext Root Scanning (ms): Min: 0.0, Avg: 1.3, Max: 3.0, Diff: 3.0, Sum: 5.3]
      [Update RS (ms): Min: 0.0, Avg: 1.8, Max: 4.2, Diff: 4.2, Sum: 7.2]
         [Processed Buffers: Min: 0, Avg: 2.8, Max: 7, Diff: 7, Sum: 11]
      [Scan RS (ms): Min: 0.0, Avg: 0.0, Max: 0.0, Diff: 0.0, Sum: 0.0]
      [Code Root Scanning (ms): Min: 0.0, Avg: 0.0, Max: 0.1, Diff: 0.1, Sum: 0.1]
      [Object Copy (ms): Min: 0.3, Avg: 2.9, Max: 4.9, Diff: 4.6, Sum: 11.7]
      [Termination (ms): Min: 0.0, Avg: 1.7, Max: 2.7, Diff: 2.7, Sum: 6.7]
         [Termination Attempts: Min: 1, Avg: 1.2, Max: 2, Diff: 1, Sum: 5]
      [GC Worker Other (ms): Min: 0.0, Avg: 0.0, Max: 0.0, Diff: 0.0, Sum: 0.0]
      [GC Worker Total (ms): Min: 6.7, Avg: 7.8, Max: 8.4, Diff: 1.7, Sum: 31.1]
      [GC Worker End (ms): Min: 10396.7, Avg: 10396.8, Max: 10397.0, Diff: 0.4]
   [Code Root Fixup: 0.0 ms]
   [Code Root Purge: 0.0 ms]
   [Clear CT: 0.1 ms]
   [Other: 1.2 ms]
      [Choose CSet: 0.0 ms]
      [Ref Proc: 1.0 ms]
      [Ref Enq: 0.0 ms]
      [Redirty Cards: 0.1 ms]
      [Humongous Register: 0.0 ms]
      [Humongous Reclaim: 0.0 ms]
      [Free CSet: 0.0 ms]
   [Eden: 27648.0K(27648.0K)->0.0B(24576.0K) Survivors: 1024.0K->3072.0K Heap: 43051.4K(51200.0K)->17703.2K(51200.0K)]
 [Times: user=0.03 sys=0.00, real=0.00 secs] 
10.962: [GC pause (G1 Evacuation Pause) (young), 0.0581506 secs]
   [Parallel Time: 56.9 ms, GC Workers: 4]
      [GC Worker Start (ms): Min: 10962.0, Avg: 10964.2, Max: 10966.5, Diff: 4.5]
      [Ext Root Scanning (ms): Min: 0.0, Avg: 0.7, Max: 1.5, Diff: 1.5, Sum: 2.8]
      [Update RS (ms): Min: 0.0, Avg: 1.2, Max: 2.5, Diff: 2.5, Sum: 5.0]
         [Processed Buffers: Min: 0, Avg: 3.5, Max: 8, Diff: 8, Sum: 14]
      [Scan RS (ms): Min: 0.0, Avg: 0.0, Max: 0.0, Diff: 0.0, Sum: 0.0]
      [Code Root Scanning (ms): Min: 0.0, Avg: 8.2, Max: 32.5, Diff: 32.5, Sum: 32.6]
      [Object Copy (ms): Min: 0.2, Avg: 25.3, Max: 48.2, Diff: 48.0, Sum: 101.3]
      [Termination (ms): Min: 0.0, Avg: 16.7, Max: 26.5, Diff: 26.5, Sum: 66.8]
         [Termination Attempts: Min: 1, Avg: 1.0, Max: 1, Diff: 0, Sum: 4]
      [GC Worker Other (ms): Min: 0.0, Avg: 0.0, Max: 0.0, Diff: 0.0, Sum: 0.1]
      [GC Worker Total (ms): Min: 47.6, Avg: 52.2, Max: 56.7, Diff: 9.1, Sum: 208.6]
      [GC Worker End (ms): Min: 11014.0, Avg: 11016.4, Max: 11018.8, Diff: 4.7]
   [Code Root Fixup: 0.0 ms]
   [Code Root Purge: 0.0 ms]
   [Clear CT: 0.1 ms]
   [Other: 1.2 ms]
      [Choose CSet: 0.0 ms]
      [Ref Proc: 0.9 ms]
      [Ref Enq: 0.0 ms]
      [Redirty Cards: 0.1 ms]
      [Humongous Register: 0.0 ms]
      [Humongous Reclaim: 0.0 ms]
      [Free CSet: 0.0 ms]
   [Eden: 24576.0K(24576.0K)->0.0B(21504.0K) Survivors: 3072.0K->4096.0K Heap: 42279.2K(51200.0K)->19720.5K(51200.0K)]
 [Times: user=0.08 sys=0.00, real=0.06 secs] 
13.125: [GC pause (G1 Evacuation Pause) (young), 0.0124957 secs]
   [Parallel Time: 11.4 ms, GC Workers: 4]
      [GC Worker Start (ms): Min: 13125.3, Avg: 13127.5, Max: 13129.9, Diff: 4.6]
      [Ext Root Scanning (ms): Min: 0.0, Avg: 1.1, Max: 2.1, Diff: 2.1, Sum: 4.2]
      [Update RS (ms): Min: 0.7, Avg: 3.1, Max: 8.9, Diff: 8.2, Sum: 12.6]
         [Processed Buffers: Min: 2, Avg: 3.8, Max: 5, Diff: 3, Sum: 15]
      [Scan RS (ms): Min: 0.0, Avg: 0.0, Max: 0.0, Diff: 0.0, Sum: 0.0]
      [Code Root Scanning (ms): Min: 0.0, Avg: 0.1, Max: 0.2, Diff: 0.2, Sum: 0.3]
      [Object Copy (ms): Min: 0.3, Avg: 4.5, Max: 6.4, Diff: 6.1, Sum: 17.9]
      [Termination (ms): Min: 0.0, Avg: 0.4, Max: 0.9, Diff: 0.9, Sum: 1.4]
         [Termination Attempts: Min: 1, Avg: 13.8, Max: 30, Diff: 29, Sum: 55]
      [GC Worker Other (ms): Min: 0.0, Avg: 0.0, Max: 0.0, Diff: 0.0, Sum: 0.0]
      [GC Worker Total (ms): Min: 6.7, Avg: 9.1, Max: 11.3, Diff: 4.6, Sum: 36.5]
      [GC Worker End (ms): Min: 13136.6, Avg: 13136.6, Max: 13136.6, Diff: 0.0]
   [Code Root Fixup: 0.0 ms]
   [Code Root Purge: 0.0 ms]
   [Clear CT: 0.1 ms]
   [Other: 1.0 ms]
      [Choose CSet: 0.0 ms]
      [Ref Proc: 0.7 ms]
      [Ref Enq: 0.0 ms]
      [Redirty Cards: 0.1 ms]
      [Humongous Register: 0.0 ms]
      [Humongous Reclaim: 0.0 ms]
      [Free CSet: 0.0 ms]
   [Eden: 21504.0K(21504.0K)->0.0B(20480.0K) Survivors: 4096.0K->4096.0K Heap: 41224.5K(51200.0K)->20793.0K(51200.0K)]
 [Times: user=0.05 sys=0.00, real=0.01 secs] 
15.095: [GC pause (G1 Evacuation Pause) (young), 0.0130753 secs]
   [Parallel Time: 11.2 ms, GC Workers: 4]
      [GC Worker Start (ms): Min: 15095.0, Avg: 15095.1, Max: 15095.2, Diff: 0.2]
      [Ext Root Scanning (ms): Min: 1.0, Avg: 1.6, Max: 2.3, Diff: 1.4, Sum: 6.6]
      [Update RS (ms): Min: 2.1, Avg: 2.6, Max: 3.0, Diff: 0.9, Sum: 10.2]
         [Processed Buffers: Min: 3, Avg: 4.2, Max: 5, Diff: 2, Sum: 17]
      [Scan RS (ms): Min: 0.0, Avg: 0.0, Max: 0.0, Diff: 0.0, Sum: 0.1]
      [Code Root Scanning (ms): Min: 0.0, Avg: 0.1, Max: 0.3, Diff: 0.3, Sum: 0.4]
      [Object Copy (ms): Min: 6.0, Avg: 6.5, Max: 7.2, Diff: 1.1, Sum: 26.0]
      [Termination (ms): Min: 0.0, Avg: 0.0, Max: 0.0, Diff: 0.0, Sum: 0.0]
         [Termination Attempts: Min: 1, Avg: 1.0, Max: 1, Diff: 0, Sum: 4]
      [GC Worker Other (ms): Min: 0.0, Avg: 0.0, Max: 0.0, Diff: 0.0, Sum: 0.1]
      [GC Worker Total (ms): Min: 10.7, Avg: 10.8, Max: 10.9, Diff: 0.2, Sum: 43.4]
      [GC Worker End (ms): Min: 15105.9, Avg: 15105.9, Max: 15105.9, Diff: 0.0]
   [Code Root Fixup: 0.0 ms]
   [Code Root Purge: 0.0 ms]
   [Clear CT: 0.1 ms]
   [Other: 1.7 ms]
      [Choose CSet: 0.0 ms]
      [Ref Proc: 1.0 ms]
      [Ref Enq: 0.0 ms]
      [Redirty Cards: 0.5 ms]
      [Humongous Register: 0.0 ms]
      [Humongous Reclaim: 0.0 ms]
      [Free CSet: 0.0 ms]
   [Eden: 20480.0K(20480.0K)->0.0B(19456.0K) Survivors: 4096.0K->3072.0K Heap: 41273.0K(51200.0K)->23229.0K(51200.0K)]
 [Times: user=0.04 sys=0.00, real=0.02 secs] 
19.853: [GC pause (G1 Evacuation Pause) (young) (initial-mark), 0.0129166 secs]
   [Parallel Time: 12.1 ms, GC Workers: 4]
      [GC Worker Start (ms): Min: 19853.1, Avg: 19853.1, Max: 19853.2, Diff: 0.1]
      [Ext Root Scanning (ms): Min: 1.2, Avg: 1.4, Max: 1.6, Diff: 0.4, Sum: 5.8]
      [Update RS (ms): Min: 4.0, Avg: 4.2, Max: 4.3, Diff: 0.3, Sum: 16.8]
         [Processed Buffers: Min: 6, Avg: 7.8, Max: 10, Diff: 4, Sum: 31]
      [Scan RS (ms): Min: 0.0, Avg: 0.0, Max: 0.0, Diff: 0.0, Sum: 0.0]
      [Code Root Scanning (ms): Min: 0.0, Avg: 0.1, Max: 0.3, Diff: 0.3, Sum: 0.5]
      [Object Copy (ms): Min: 5.9, Avg: 6.0, Max: 6.3, Diff: 0.5, Sum: 24.2]
      [Termination (ms): Min: 0.0, Avg: 0.0, Max: 0.0, Diff: 0.0, Sum: 0.0]
         [Termination Attempts: Min: 1, Avg: 1.8, Max: 2, Diff: 1, Sum: 7]
      [GC Worker Other (ms): Min: 0.0, Avg: 0.0, Max: 0.0, Diff: 0.0, Sum: 0.1]
      [GC Worker Total (ms): Min: 11.8, Avg: 11.8, Max: 11.9, Diff: 0.1, Sum: 47.4]
      [GC Worker End (ms): Min: 19865.0, Avg: 19865.0, Max: 19865.0, Diff: 0.0]
   [Code Root Fixup: 0.0 ms]
   [Code Root Purge: 0.0 ms]
   [Clear CT: 0.1 ms]
   [Other: 0.8 ms]
      [Choose CSet: 0.0 ms]
      [Ref Proc: 0.5 ms]
      [Ref Enq: 0.0 ms]
      [Redirty Cards: 0.2 ms]
      [Humongous Register: 0.0 ms]
      [Humongous Reclaim: 0.0 ms]
      [Free CSet: 0.0 ms]
   [Eden: 19456.0K(19456.0K)->0.0B(15360.0K) Survivors: 3072.0K->3072.0K Heap: 42685.0K(51200.0K)->27136.0K(51200.0K)]
 [Times: user=0.05 sys=0.00, real=0.01 secs] 
19.866: [GC concurrent-root-region-scan-start]
19.872: [GC concurrent-root-region-scan-end, 0.0058212 secs]
19.872: [GC concurrent-mark-start]
19.915: [GC concurrent-mark-end, 0.0435174 secs]
19.916: [GC remark 19.916: [Finalize Marking, 0.0001632 secs] 19.916: [GC ref-proc, 0.0005866 secs] 19.916: [Unloading, 0.0085719 secs], 0.0096069 secs]
 [Times: user=0.03 sys=0.00, real=0.01 secs] 
19.925: [GC cleanup 27746K->26722K(51200K), 0.0003531 secs]
 [Times: user=0.00 sys=0.00, real=0.00 secs] 
19.926: [GC concurrent-cleanup-start]
19.926: [GC concurrent-cleanup-end, 0.0000130 secs]
20.763: [GC pause (G1 Evacuation Pause) (young), 0.0167635 secs]
   [Parallel Time: 15.8 ms, GC Workers: 4]
      [GC Worker Start (ms): Min: 20762.6, Avg: 20765.8, Max: 20771.2, Diff: 8.6]
      [Ext Root Scanning (ms): Min: 0.0, Avg: 1.2, Max: 2.4, Diff: 2.4, Sum: 4.7]
      [Update RS (ms): Min: 0.6, Avg: 4.4, Max: 6.4, Diff: 5.9, Sum: 17.6]
         [Processed Buffers: Min: 2, Avg: 5.2, Max: 10, Diff: 8, Sum: 21]
      [Scan RS (ms): Min: 0.0, Avg: 0.0, Max: 0.0, Diff: 0.0, Sum: 0.0]
      [Code Root Scanning (ms): Min: 0.0, Avg: 1.5, Max: 5.7, Diff: 5.7, Sum: 5.9]
      [Object Copy (ms): Min: 1.5, Avg: 5.3, Max: 6.7, Diff: 5.2, Sum: 21.0]
      [Termination (ms): Min: 0.0, Avg: 0.1, Max: 0.2, Diff: 0.2, Sum: 0.5]
         [Termination Attempts: Min: 1, Avg: 1.0, Max: 1, Diff: 0, Sum: 4]
      [GC Worker Other (ms): Min: 0.0, Avg: 0.0, Max: 0.0, Diff: 0.0, Sum: 0.0]
      [GC Worker Total (ms): Min: 7.1, Avg: 12.5, Max: 15.7, Diff: 8.6, Sum: 49.8]
      [GC Worker End (ms): Min: 20778.3, Avg: 20778.3, Max: 20778.3, Diff: 0.0]
   [Code Root Fixup: 0.0 ms]
   [Code Root Purge: 0.0 ms]
   [Clear CT: 0.1 ms]
   [Other: 0.9 ms]
      [Choose CSet: 0.0 ms]
      [Ref Proc: 0.7 ms]
      [Ref Enq: 0.0 ms]
      [Redirty Cards: 0.1 ms]
      [Humongous Register: 0.0 ms]
      [Humongous Reclaim: 0.0 ms]
      [Free CSet: 0.0 ms]
   [Eden: 15360.0K(15360.0K)->0.0B(1024.0K) Survivors: 3072.0K->3072.0K Heap: 41472.0K(51200.0K)->30208.0K(51200.0K)]
 [Times: user=0.07 sys=0.00, real=0.02 secs] 
20.800: [GC pause (G1 Evacuation Pause) (mixed), 0.0100199 secs]
   [Parallel Time: 9.6 ms, GC Workers: 4]
      [GC Worker Start (ms): Min: 20800.1, Avg: 20800.1, Max: 20800.1, Diff: 0.1]
      [Ext Root Scanning (ms): Min: 0.7, Avg: 0.9, Max: 1.2, Diff: 0.5, Sum: 3.6]
      [Update RS (ms): Min: 3.7, Avg: 3.9, Max: 4.1, Diff: 0.5, Sum: 15.5]
         [Processed Buffers: Min: 6, Avg: 7.0, Max: 9, Diff: 3, Sum: 28]
      [Scan RS (ms): Min: 1.5, Avg: 1.7, Max: 1.9, Diff: 0.4, Sum: 6.8]
      [Code Root Scanning (ms): Min: 0.0, Avg: 0.0, Max: 0.0, Diff: 0.0, Sum: 0.1]
      [Object Copy (ms): Min: 2.8, Avg: 3.0, Max: 3.1, Diff: 0.4, Sum: 11.9]
      [Termination (ms): Min: 0.0, Avg: 0.0, Max: 0.0, Diff: 0.0, Sum: 0.0]
         [Termination Attempts: Min: 1, Avg: 1.0, Max: 1, Diff: 0, Sum: 4]
      [GC Worker Other (ms): Min: 0.0, Avg: 0.0, Max: 0.0, Diff: 0.0, Sum: 0.0]
      [GC Worker Total (ms): Min: 9.5, Avg: 9.5, Max: 9.5, Diff: 0.1, Sum: 38.0]
      [GC Worker End (ms): Min: 20809.6, Avg: 20809.6, Max: 20809.6, Diff: 0.0]
   [Code Root Fixup: 0.0 ms]
   [Code Root Purge: 0.0 ms]
   [Clear CT: 0.1 ms]
   [Other: 0.4 ms]
      [Choose CSet: 0.0 ms]
      [Ref Proc: 0.2 ms]
      [Ref Enq: 0.0 ms]
      [Redirty Cards: 0.1 ms]
      [Humongous Register: 0.0 ms]
      [Humongous Reclaim: 0.0 ms]
      [Free CSet: 0.0 ms]
   [Eden: 1024.0K(1024.0K)->0.0B(1024.0K) Survivors: 3072.0K->1024.0K Heap: 31232.0K(51200.0K)->26624.0K(51200.0K)]
 [Times: user=0.03 sys=0.00, real=0.01 secs] 
20.822: [GC pause (G1 Evacuation Pause) (mixed), 0.0143082 secs]
   [Parallel Time: 13.9 ms, GC Workers: 4]
      [GC Worker Start (ms): Min: 20822.0, Avg: 20822.0, Max: 20822.1, Diff: 0.1]
      [Ext Root Scanning (ms): Min: 0.9, Avg: 1.1, Max: 1.3, Diff: 0.4, Sum: 4.3]
      [Update RS (ms): Min: 3.6, Avg: 3.8, Max: 4.0, Diff: 0.4, Sum: 15.1]
         [Processed Buffers: Min: 5, Avg: 7.2, Max: 12, Diff: 7, Sum: 29]
      [Scan RS (ms): Min: 3.4, Avg: 3.5, Max: 3.7, Diff: 0.4, Sum: 14.0]
      [Code Root Scanning (ms): Min: 0.0, Avg: 0.2, Max: 0.4, Diff: 0.4, Sum: 0.8]
      [Object Copy (ms): Min: 4.8, Avg: 5.2, Max: 5.5, Diff: 0.7, Sum: 21.0]
      [Termination (ms): Min: 0.0, Avg: 0.0, Max: 0.0, Diff: 0.0, Sum: 0.0]
         [Termination Attempts: Min: 1, Avg: 3.0, Max: 5, Diff: 4, Sum: 12]
      [GC Worker Other (ms): Min: 0.0, Avg: 0.0, Max: 0.0, Diff: 0.0, Sum: 0.1]
      [GC Worker Total (ms): Min: 13.7, Avg: 13.8, Max: 13.8, Diff: 0.1, Sum: 55.1]
      [GC Worker End (ms): Min: 20835.8, Avg: 20835.8, Max: 20835.8, Diff: 0.0]
   [Code Root Fixup: 0.0 ms]
   [Code Root Purge: 0.0 ms]
   [Clear CT: 0.1 ms]
   [Other: 0.4 ms]
      [Choose CSet: 0.0 ms]
      [Ref Proc: 0.2 ms]
      [Ref Enq: 0.0 ms]
      [Redirty Cards: 0.1 ms]
      [Humongous Register: 0.0 ms]
      [Humongous Reclaim: 0.0 ms]
      [Free CSet: 0.0 ms]
   [Eden: 1024.0K(1024.0K)->0.0B(1024.0K) Survivors: 1024.0K->1024.0K Heap: 27648.0K(51200.0K)->26461.4K(51200.0K)]
 [Times: user=0.06 sys=0.00, real=0.01 secs] 
20.851: [GC pause (G1 Evacuation Pause) (mixed), 0.0144851 secs]
   [Parallel Time: 13.9 ms, GC Workers: 4]
      [GC Worker Start (ms): Min: 20851.5, Avg: 20851.5, Max: 20851.5, Diff: 0.0]
      [Ext Root Scanning (ms): Min: 0.6, Avg: 1.0, Max: 1.6, Diff: 1.0, Sum: 3.9]
      [Update RS (ms): Min: 3.8, Avg: 4.2, Max: 4.4, Diff: 0.6, Sum: 16.8]
         [Processed Buffers: Min: 6, Avg: 8.0, Max: 10, Diff: 4, Sum: 32]
      [Scan RS (ms): Min: 3.8, Avg: 4.1, Max: 4.3, Diff: 0.5, Sum: 16.5]
      [Code Root Scanning (ms): Min: 0.0, Avg: 0.4, Max: 0.7, Diff: 0.7, Sum: 1.4]
      [Object Copy (ms): Min: 3.7, Avg: 4.1, Max: 4.5, Diff: 0.8, Sum: 16.5]
      [Termination (ms): Min: 0.0, Avg: 0.0, Max: 0.0, Diff: 0.0, Sum: 0.0]
         [Termination Attempts: Min: 1, Avg: 1.0, Max: 1, Diff: 0, Sum: 4]
      [GC Worker Other (ms): Min: 0.0, Avg: 0.0, Max: 0.0, Diff: 0.0, Sum: 0.1]
      [GC Worker Total (ms): Min: 13.8, Avg: 13.8, Max: 13.8, Diff: 0.0, Sum: 55.2]
      [GC Worker End (ms): Min: 20865.3, Avg: 20865.3, Max: 20865.3, Diff: 0.0]
   [Code Root Fixup: 0.0 ms]
   [Code Root Purge: 0.0 ms]
   [Clear CT: 0.1 ms]
   [Other: 0.5 ms]
      [Choose CSet: 0.0 ms]
      [Ref Proc: 0.3 ms]
      [Ref Enq: 0.0 ms]
      [Redirty Cards: 0.1 ms]
      [Humongous Register: 0.0 ms]
      [Humongous Reclaim: 0.0 ms]
      [Free CSet: 0.1 ms]
   [Eden: 1024.0K(1024.0K)->0.0B(1024.0K) Survivors: 1024.0K->1024.0K Heap: 27485.4K(51200.0K)->25934.8K(51200.0K)]
 [Times: user=0.06 sys=0.00, real=0.01 secs] 
20.884: [GC pause (G1 Evacuation Pause) (young), 0.0080048 secs]
   [Parallel Time: 7.6 ms, GC Workers: 4]
      [GC Worker Start (ms): Min: 20884.5, Avg: 20884.5, Max: 20884.5, Diff: 0.1]
      [Ext Root Scanning (ms): Min: 0.8, Avg: 0.9, Max: 1.0, Diff: 0.2, Sum: 3.5]
      [Update RS (ms): Min: 6.1, Avg: 6.2, Max: 6.3, Diff: 0.1, Sum: 24.8]
         [Processed Buffers: Min: 6, Avg: 8.2, Max: 9, Diff: 3, Sum: 33]
      [Scan RS (ms): Min: 0.0, Avg: 0.0, Max: 0.0, Diff: 0.0, Sum: 0.0]
      [Code Root Scanning (ms): Min: 0.0, Avg: 0.0, Max: 0.0, Diff: 0.0, Sum: 0.0]
      [Object Copy (ms): Min: 0.3, Avg: 0.3, Max: 0.5, Diff: 0.2, Sum: 1.4]
      [Termination (ms): Min: 0.0, Avg: 0.0, Max: 0.0, Diff: 0.0, Sum: 0.0]
         [Termination Attempts: Min: 1, Avg: 1.0, Max: 1, Diff: 0, Sum: 4]
      [GC Worker Other (ms): Min: 0.0, Avg: 0.0, Max: 0.0, Diff: 0.0, Sum: 0.1]
      [GC Worker Total (ms): Min: 7.4, Avg: 7.4, Max: 7.5, Diff: 0.1, Sum: 29.8]
      [GC Worker End (ms): Min: 20891.9, Avg: 20891.9, Max: 20891.9, Diff: 0.0]
   [Code Root Fixup: 0.0 ms]
   [Code Root Purge: 0.0 ms]
   [Clear CT: 0.1 ms]
   [Other: 0.3 ms]
      [Choose CSet: 0.0 ms]
      [Ref Proc: 0.2 ms]
      [Ref Enq: 0.0 ms]
      [Redirty Cards: 0.1 ms]
      [Humongous Register: 0.0 ms]
      [Humongous Reclaim: 0.0 ms]
      [Free CSet: 0.0 ms]
   [Eden: 1024.0K(1024.0K)->0.0B(1024.0K) Survivors: 1024.0K->1024.0K Heap: 26958.8K(51200.0K)->25956.4K(51200.0K)]
 [Times: user=0.02 sys=0.00, real=0.01 secs] 
20.935: [GC pause (G1 Evacuation Pause) (young) (initial-mark), 0.0066697 secs]
   [Parallel Time: 5.4 ms, GC Workers: 4]
      [GC Worker Start (ms): Min: 20935.5, Avg: 20937.6, Max: 20938.5, Diff: 3.0]
      [Ext Root Scanning (ms): Min: 0.2, Avg: 2.0, Max: 3.2, Diff: 3.0, Sum: 7.8]
      [Update RS (ms): Min: 0.0, Avg: 0.2, Max: 0.6, Diff: 0.6, Sum: 0.7]
         [Processed Buffers: Min: 0, Avg: 1.8, Max: 5, Diff: 5, Sum: 7]
      [Scan RS (ms): Min: 0.0, Avg: 0.0, Max: 0.0, Diff: 0.0, Sum: 0.0]
      [Code Root Scanning (ms): Min: 0.0, Avg: 0.0, Max: 0.0, Diff: 0.0, Sum: 0.0]
      [Object Copy (ms): Min: 0.0, Avg: 0.5, Max: 1.2, Diff: 1.2, Sum: 2.2]
      [Termination (ms): Min: 0.0, Avg: 0.4, Max: 0.6, Diff: 0.6, Sum: 1.4]
         [Termination Attempts: Min: 1, Avg: 1.2, Max: 2, Diff: 1, Sum: 5]
      [GC Worker Other (ms): Min: 0.0, Avg: 0.0, Max: 0.0, Diff: 0.0, Sum: 0.0]
      [GC Worker Total (ms): Min: 2.2, Avg: 3.1, Max: 5.2, Diff: 3.1, Sum: 12.2]
      [GC Worker End (ms): Min: 20940.6, Avg: 20940.6, Max: 20940.7, Diff: 0.1]
   [Code Root Fixup: 0.0 ms]
   [Code Root Purge: 0.0 ms]
   [Clear CT: 0.1 ms]
   [Other: 1.2 ms]
      [Choose CSet: 0.0 ms]
      [Ref Proc: 1.0 ms]
      [Ref Enq: 0.0 ms]
      [Redirty Cards: 0.1 ms]
      [Humongous Register: 0.0 ms]
      [Humongous Reclaim: 0.0 ms]
      [Free CSet: 0.0 ms]
   [Eden: 1024.0K(1024.0K)->0.0B(17408.0K) Survivors: 1024.0K->1024.0K Heap: 26980.4K(51200.0K)->26050.2K(51200.0K)]
 [Times: user=0.02 sys=0.00, real=0.01 secs] 
20.942: [GC concurrent-root-region-scan-start]
20.944: [GC concurrent-root-region-scan-end, 0.0022998 secs]
20.944: [GC concurrent-mark-start]
21.001: [GC concurrent-mark-end, 0.0562873 secs]
21.001: [GC remark 21.001: [Finalize Marking, 0.0002782 secs] 21.001: [GC ref-proc, 0.0007577 secs] 21.002: [Unloading, 0.0087318 secs], 0.0100769 secs]
 [Times: user=0.04 sys=0.00, real=0.01 secs] 
21.011: [GC cleanup 26397K->26397K(51200K), 0.0003605 secs]
 [Times: user=0.00 sys=0.00, real=0.00 secs] 
23.071: [GC pause (G1 Evacuation Pause) (young), 0.0053737 secs]
   [Parallel Time: 4.0 ms, GC Workers: 4]
      [GC Worker Start (ms): Min: 23071.4, Avg: 23072.2, Max: 23073.6, Diff: 2.2]
      [Ext Root Scanning (ms): Min: 0.0, Avg: 0.8, Max: 1.5, Diff: 1.5, Sum: 3.3]
      [Update RS (ms): Min: 0.3, Avg: 0.9, Max: 1.2, Diff: 0.9, Sum: 3.5]
         [Processed Buffers: Min: 1, Avg: 3.2, Max: 7, Diff: 6, Sum: 13]
      [Scan RS (ms): Min: 0.0, Avg: 0.0, Max: 0.0, Diff: 0.0, Sum: 0.0]
      [Code Root Scanning (ms): Min: 0.0, Avg: 0.0, Max: 0.1, Diff: 0.1, Sum: 0.1]
      [Object Copy (ms): Min: 1.3, Avg: 1.4, Max: 1.5, Diff: 0.3, Sum: 5.6]
      [Termination (ms): Min: 0.0, Avg: 0.0, Max: 0.0, Diff: 0.0, Sum: 0.0]
         [Termination Attempts: Min: 1, Avg: 1.0, Max: 1, Diff: 0, Sum: 4]
      [GC Worker Other (ms): Min: 0.0, Avg: 0.0, Max: 0.0, Diff: 0.0, Sum: 0.0]
      [GC Worker Total (ms): Min: 1.8, Avg: 3.1, Max: 3.9, Diff: 2.2, Sum: 12.6]
      [GC Worker End (ms): Min: 23075.4, Avg: 23075.4, Max: 23075.4, Diff: 0.0]
   [Code Root Fixup: 0.0 ms]
   [Code Root Purge: 0.0 ms]
   [Clear CT: 0.1 ms]
   [Other: 1.3 ms]
      [Choose CSet: 0.0 ms]
      [Ref Proc: 1.1 ms]
      [Ref Enq: 0.0 ms]
      [Redirty Cards: 0.1 ms]
      [Humongous Register: 0.0 ms]
      [Humongous Reclaim: 0.0 ms]
      [Free CSet: 0.0 ms]
   [Eden: 17408.0K(17408.0K)->0.0B(1024.0K) Survivors: 1024.0K->3072.0K Heap: 43458.2K(51200.0K)->27799.5K(51200.0K)]
 [Times: user=0.01 sys=0.00, real=0.00 secs] 
81.805: [GC pause (G1 Evacuation Pause) (mixed), 0.0132337 secs]
   [Parallel Time: 12.3 ms, GC Workers: 4]
      [GC Worker Start (ms): Min: 81805.6, Avg: 81805.9, Max: 81806.1, Diff: 0.5]
      [Ext Root Scanning (ms): Min: 1.4, Avg: 2.7, Max: 5.7, Diff: 4.3, Sum: 10.9]
      [Update RS (ms): Min: 0.0, Avg: 1.0, Max: 1.3, Diff: 1.3, Sum: 3.8]
         [Processed Buffers: Min: 0, Avg: 4.0, Max: 7, Diff: 7, Sum: 16]
      [Scan RS (ms): Min: 0.1, Avg: 2.3, Max: 3.0, Diff: 2.9, Sum: 9.1]
      [Code Root Scanning (ms): Min: 0.0, Avg: 0.1, Max: 0.2, Diff: 0.2, Sum: 0.3]
      [Object Copy (ms): Min: 5.6, Avg: 5.7, Max: 5.8, Diff: 0.2, Sum: 22.9]
      [Termination (ms): Min: 0.0, Avg: 0.2, Max: 0.2, Diff: 0.2, Sum: 0.6]
         [Termination Attempts: Min: 1, Avg: 1.2, Max: 2, Diff: 1, Sum: 5]
      [GC Worker Other (ms): Min: 0.0, Avg: 0.0, Max: 0.0, Diff: 0.0, Sum: 0.1]
      [GC Worker Total (ms): Min: 11.7, Avg: 11.9, Max: 12.2, Diff: 0.5, Sum: 47.6]
      [GC Worker End (ms): Min: 81817.8, Avg: 81817.8, Max: 81817.9, Diff: 0.0]
   [Code Root Fixup: 0.0 ms]
   [Code Root Purge: 0.0 ms]
   [Clear CT: 0.1 ms]
   [Other: 0.8 ms]
      [Choose CSet: 0.0 ms]
      [Ref Proc: 0.5 ms]
      [Ref Enq: 0.0 ms]
      [Redirty Cards: 0.1 ms]
      [Humongous Register: 0.0 ms]
      [Humongous Reclaim: 0.0 ms]
      [Free CSet: 0.1 ms]
   [Eden: 1024.0K(1024.0K)->0.0B(1024.0K) Survivors: 3072.0K->1024.0K Heap: 28823.5K(51200.0K)->24087.0K(51200.0K)]
 [Times: user=0.04 sys=0.00, real=0.02 secs] 
86.955: [GC pause (G1 Evacuation Pause) (mixed), 0.0178017 secs]
   [Parallel Time: 17.1 ms, GC Workers: 4]
      [GC Worker Start (ms): Min: 86955.4, Avg: 86955.5, Max: 86955.8, Diff: 0.4]
      [Ext Root Scanning (ms): Min: 0.5, Avg: 1.0, Max: 2.0, Diff: 1.6, Sum: 4.1]
      [Update RS (ms): Min: 3.6, Avg: 4.4, Max: 4.8, Diff: 1.2, Sum: 17.6]
         [Processed Buffers: Min: 7, Avg: 8.8, Max: 11, Diff: 4, Sum: 35]
      [Scan RS (ms): Min: 4.0, Avg: 4.2, Max: 4.3, Diff: 0.3, Sum: 16.8]
      [Code Root Scanning (ms): Min: 0.1, Avg: 0.3, Max: 0.5, Diff: 0.5, Sum: 1.4]
      [Object Copy (ms): Min: 3.6, Avg: 4.5, Max: 6.6, Diff: 3.0, Sum: 18.2]
      [Termination (ms): Min: 0.0, Avg: 2.4, Max: 3.2, Diff: 3.2, Sum: 9.4]
         [Termination Attempts: Min: 1, Avg: 1.5, Max: 2, Diff: 1, Sum: 6]
      [GC Worker Other (ms): Min: 0.0, Avg: 0.0, Max: 0.0, Diff: 0.0, Sum: 0.0]
      [GC Worker Total (ms): Min: 16.6, Avg: 16.9, Max: 17.0, Diff: 0.3, Sum: 67.6]
      [GC Worker End (ms): Min: 86972.4, Avg: 86972.4, Max: 86972.4, Diff: 0.0]
   [Code Root Fixup: 0.0 ms]
   [Code Root Purge: 0.0 ms]
   [Clear CT: 0.1 ms]
   [Other: 0.5 ms]
      [Choose CSet: 0.0 ms]
      [Ref Proc: 0.3 ms]
      [Ref Enq: 0.0 ms]
      [Redirty Cards: 0.1 ms]
      [Humongous Register: 0.0 ms]
      [Humongous Reclaim: 0.0 ms]
      [Free CSet: 0.0 ms]
   [Eden: 1024.0K(1024.0K)->0.0B(1024.0K) Survivors: 1024.0K->1024.0K Heap: 25111.0K(51200.0K)->21762.6K(51200.0K)]
 [Times: user=0.06 sys=0.00, real=0.02 secs] 
86.987: [GC pause (G1 Evacuation Pause) (mixed), 0.0218984 secs]
   [Parallel Time: 21.4 ms, GC Workers: 4]
      [GC Worker Start (ms): Min: 86987.0, Avg: 86989.9, Max: 86994.7, Diff: 7.7]
      [Ext Root Scanning (ms): Min: 0.0, Avg: 1.5, Max: 3.1, Diff: 3.1, Sum: 6.2]
      [Update RS (ms): Min: 5.4, Avg: 9.2, Max: 13.0, Diff: 7.6, Sum: 36.8]
         [Processed Buffers: Min: 7, Avg: 11.5, Max: 16, Diff: 9, Sum: 46]
      [Scan RS (ms): Min: 1.9, Avg: 4.3, Max: 5.3, Diff: 3.4, Sum: 17.1]
      [Code Root Scanning (ms): Min: 0.0, Avg: 0.2, Max: 0.7, Diff: 0.7, Sum: 1.0]
      [Object Copy (ms): Min: 2.5, Avg: 3.0, Max: 3.3, Diff: 0.8, Sum: 12.2]
      [Termination (ms): Min: 0.0, Avg: 0.0, Max: 0.0, Diff: 0.0, Sum: 0.0]
         [Termination Attempts: Min: 1, Avg: 2.5, Max: 5, Diff: 4, Sum: 10]
      [GC Worker Other (ms): Min: 0.0, Avg: 0.0, Max: 0.0, Diff: 0.0, Sum: 0.1]
      [GC Worker Total (ms): Min: 13.5, Avg: 18.3, Max: 21.2, Diff: 7.7, Sum: 73.3]
      [GC Worker End (ms): Min: 87008.2, Avg: 87008.2, Max: 87008.2, Diff: 0.0]
   [Code Root Fixup: 0.0 ms]
   [Code Root Purge: 0.0 ms]
   [Clear CT: 0.1 ms]
   [Other: 0.4 ms]
      [Choose CSet: 0.0 ms]
      [Ref Proc: 0.2 ms]
      [Ref Enq: 0.0 ms]
      [Redirty Cards: 0.1 ms]
      [Humongous Register: 0.0 ms]
      [Humongous Reclaim: 0.0 ms]
      [Free CSet: 0.0 ms]
   [Eden: 1024.0K(1024.0K)->0.0B(1024.0K) Survivors: 1024.0K->1024.0K Heap: 22786.6K(51200.0K)->21749.6K(51200.0K)]
 [Times: user=0.07 sys=0.00, real=0.02 secs] 
87.047: [GC pause (G1 Evacuation Pause) (young), 0.0101657 secs]
   [Parallel Time: 9.3 ms, GC Workers: 4]
      [GC Worker Start (ms): Min: 87046.8, Avg: 87047.3, Max: 87048.6, Diff: 1.9]
      [Ext Root Scanning (ms): Min: 0.0, Avg: 1.1, Max: 1.7, Diff: 1.7, Sum: 4.5]
      [Update RS (ms): Min: 5.9, Avg: 6.0, Max: 6.1, Diff: 0.2, Sum: 24.0]
         [Processed Buffers: Min: 7, Avg: 7.8, Max: 9, Diff: 2, Sum: 31]
      [Scan RS (ms): Min: 0.0, Avg: 0.0, Max: 0.1, Diff: 0.1, Sum: 0.1]
      [Code Root Scanning (ms): Min: 0.0, Avg: 0.0, Max: 0.0, Diff: 0.0, Sum: 0.0]
      [Object Copy (ms): Min: 0.2, Avg: 0.5, Max: 1.2, Diff: 1.1, Sum: 2.0]
      [Termination (ms): Min: 0.0, Avg: 0.7, Max: 1.1, Diff: 1.1, Sum: 2.6]
         [Termination Attempts: Min: 1, Avg: 1.5, Max: 2, Diff: 1, Sum: 6]
      [GC Worker Other (ms): Min: 0.0, Avg: 0.0, Max: 0.0, Diff: 0.0, Sum: 0.1]
      [GC Worker Total (ms): Min: 6.9, Avg: 8.3, Max: 9.1, Diff: 2.2, Sum: 33.3]
      [GC Worker End (ms): Min: 87055.5, Avg: 87055.6, Max: 87055.9, Diff: 0.3]
   [Code Root Fixup: 0.0 ms]
   [Code Root Purge: 0.0 ms]
   [Clear CT: 0.1 ms]
   [Other: 0.8 ms]
      [Choose CSet: 0.0 ms]
      [Ref Proc: 0.5 ms]
      [Ref Enq: 0.0 ms]
      [Redirty Cards: 0.1 ms]
      [Humongous Register: 0.0 ms]
      [Humongous Reclaim: 0.0 ms]
      [Free CSet: 0.0 ms]
   [Eden: 1024.0K(1024.0K)->0.0B(10240.0K) Survivors: 1024.0K->1024.0K Heap: 22773.6K(51200.0K)->21711.4K(51200.0K)]
 [Times: user=0.03 sys=0.00, real=0.01 secs] 
87.175: [GC pause (G1 Evacuation Pause) (young) (initial-mark), 0.0061771 secs]
   [Parallel Time: 5.3 ms, GC Workers: 4]
      [GC Worker Start (ms): Min: 87175.2, Avg: 87175.7, Max: 87177.2, Diff: 2.0]
      [Ext Root Scanning (ms): Min: 1.9, Avg: 3.4, Max: 4.0, Diff: 2.1, Sum: 13.5]
      [Update RS (ms): Min: 0.2, Avg: 0.4, Max: 1.0, Diff: 0.8, Sum: 1.8]
         [Processed Buffers: Min: 1, Avg: 2.0, Max: 3, Diff: 2, Sum: 8]
      [Scan RS (ms): Min: 0.0, Avg: 0.0, Max: 0.0, Diff: 0.0, Sum: 0.0]
      [Code Root Scanning (ms): Min: 0.0, Avg: 0.0, Max: 0.0, Diff: 0.0, Sum: 0.0]
      [Object Copy (ms): Min: 0.1, Avg: 0.5, Max: 0.8, Diff: 0.7, Sum: 2.0]
      [Termination (ms): Min: 0.0, Avg: 0.1, Max: 0.2, Diff: 0.2, Sum: 0.5]
         [Termination Attempts: Min: 1, Avg: 23.8, Max: 49, Diff: 48, Sum: 95]
      [GC Worker Other (ms): Min: 0.0, Avg: 0.0, Max: 0.0, Diff: 0.0, Sum: 0.1]
      [GC Worker Total (ms): Min: 3.0, Avg: 4.5, Max: 5.0, Diff: 2.0, Sum: 17.9]
      [GC Worker End (ms): Min: 87180.2, Avg: 87180.2, Max: 87180.2, Diff: 0.0]
   [Code Root Fixup: 0.0 ms]
   [Code Root Purge: 0.0 ms]
   [Clear CT: 0.1 ms]
   [Other: 0.8 ms]
      [Choose CSet: 0.0 ms]
      [Ref Proc: 0.5 ms]
      [Ref Enq: 0.0 ms]
      [Redirty Cards: 0.2 ms]
      [Humongous Register: 0.0 ms]
      [Humongous Reclaim: 0.0 ms]
      [Free CSet: 0.0 ms]
   [Eden: 10240.0K(10240.0K)->0.0B(21504.0K) Survivors: 1024.0K->1024.0K Heap: 31951.4K(51200.0K)->22490.5K(51200.0K)]
 [Times: user=0.01 sys=0.00, real=0.01 secs] 
87.181: [GC concurrent-root-region-scan-start]
87.183: [GC concurrent-root-region-scan-end, 0.0016604 secs]
87.183: [GC concurrent-mark-start]
87.230: [GC concurrent-mark-end, 0.0472958 secs]
87.230: [GC remark 87.231: [Finalize Marking, 0.0002119 secs] 87.231: [GC ref-proc, 0.0018417 secs] 87.233: [Unloading, 0.0117414 secs], 0.0143641 secs]
 [Times: user=0.03 sys=0.00, real=0.01 secs] 
87.245: [GC cleanup 22823K->22823K(51200K), 0.0004520 secs]
 [Times: user=0.00 sys=0.00, real=0.00 secs] 
