# spring-mycloud
cloud


### G1 -Xmx500m
```textmate

[5361.890s][info][gc,stringtable ] GC(137) Cleaned string and symbol table, strings: 115881 processed, 1740 removed, symbols: 620488 processed, 89 removed
[5361.890s][info][gc,phases      ] GC(137) Phase 1: Mark live objects 39410.105ms
[5361.890s][info][gc,phases,start] GC(137) Phase 2: Prepare for compaction
[5362.080s][info][gc,phases      ] GC(137) Phase 2: Prepare for compaction 190.045ms
[5362.080s][info][gc,phases,start] GC(137) Phase 3: Adjust pointers
[5362.418s][info][gc,phases      ] GC(137) Phase 3: Adjust pointers 337.980ms
[5362.418s][info][gc,phases,start] GC(137) Phase 4: Compact heap
[5365.493s][info][gc,phases      ] GC(137) Phase 4: Compact heap 3075.234ms
[5365.580s][info][gc,heap        ] GC(137) Eden regions: 33->0(58)
[5365.580s][info][gc,heap        ] GC(137) Survivor regions: 4->0(7)
[5365.580s][info][gc,heap        ] GC(137) Old regions: 201->126
[5365.580s][info][gc,heap        ] GC(137) Humongous regions: 10->10
[5365.580s][info][gc,metaspace   ] GC(137) Metaspace: 302361K->301963K(1323008K)
[5365.580s][info][gc             ] GC(137) Pause Full (System.gc()) 246M->133M(750M) 43104.848ms
[5365.581s][info][gc,cpu         ] GC(137) User=2.59s Sys=2.71s Real=43.17s
[5513.557s][info][gc,start       ] GC(138) Pause Young (Normal) (G1 Evacuation Pause